<html>
<body>
<pre>
<h1>µVision Build Log</h1>
<h2>Tool Versions:</h2>
IDE-Version: •ÏVision V5.27.0.0
Copyright (C) 2018 ARM Ltd and ARM Germany GmbH. All rights reserved.
License Information: o o o Flex license: MDK-ARM Plus: 30 user(s) (mdk_plus) Support: Aug 2019
 
Tool Versions:
Toolchain:       MDK-ARM Plus: 30 user(s)  Version: 5.27.0.0
Toolchain Path:  C:\Keil_v5\ARM\ARMCC\Bin
C Compiler:      Armcc.exe V5.06 update 6 (build 750)
Assembler:       Armasm.exe V5.06 update 6 (build 750)
Linker/Locator:  ArmLink.exe V5.06 update 6 (build 750)
Library Manager: ArmAr.exe V5.06 update 6 (build 750)
Hex Converter:   FromElf.exe V5.06 update 6 (build 750)
CPU DLL:         
Dialog DLL:      DCM.DLL V1.17.2.0
Target DLL:      STLink\ST-LINKIII-KEIL_SWO.dll V3.0.5.0
Dialog DLL:      TCM.DLL V1.36.1.0
 
<h2>Project:</h2>
C:\es-lab-02-201295007\15_ir_sensor\ir_sensor.uvprojx
Project File Date:  03/20/2019

<h2>Output:</h2>
*** Using Compiler 'V5.06 update 6 (build 750)', folder: 'C:\Keil_v5\ARM\ARMCC\Bin'
Rebuild target 'STM32F401 Flash'
compiling main.cpp...
main.cpp(11): warning:  #940-D: missing return statement at end of non-void function "map" 
  		}
main.cpp(10): warning:  #177-D: variable "scale"  was declared but never referenced
  		double scale =(out_max - out_min)/(in_max-in_min);
main.cpp(39): warning:  #1-D: last line of file ends without a newline
  }
main.cpp: 3 warnings, 0 errors
linking...
Program Size: Code=30348 RO-data=3096 RW-data=168 ZI-data=1552  
After Build - User command #1: fromelf --bin -o Nucleo_out.bin .\BUILD\Nucleo_out.axf
".\BUILD\Nucleo_out.axf" - 0 Error(s), 3 Warning(s).

<h2>Software Packages used:</h2>

Package Vendor: Keil
                http://www.keil.com/pack/Keil.STM32F4xx_DFP.2.13.0.pack
                Keil.STM32F4xx_DFP.2.13.0
                STMicroelectronics STM32F4 Series Device Support, Drivers and Examples

<h2>Collection of Component include folders:</h2>
  .\RTE\_STM32F401_Flash
  C:\Keil_v5\ARM\PACK\Keil\STM32F4xx_DFP\2.13.0\Drivers\CMSIS\Device\ST\STM32F4xx\Include

<h2>Collection of Component Files used:</h2>
Build Time Elapsed:  00:00:01
</pre>
</body>
</html>
