Component: ARM Compiler 5.06 update 6 (build 750) Tool: armlink [4d35ed]

==============================================================================

Section Cross References

    mbed/TARGET_NUCLEO_F401RE/TOOLCHAIN_ARM_STD/analogin_api.o(i.analogin_read) refers to mbed/TARGET_NUCLEO_F401RE/TOOLCHAIN_ARM_STD/analogin_device.o(i.adc_read) for adc_read
    mbed/TARGET_NUCLEO_F401RE/TOOLCHAIN_ARM_STD/analogin_api.o(i.analogin_read_u16) refers to mbed/TARGET_NUCLEO_F401RE/TOOLCHAIN_ARM_STD/analogin_device.o(i.adc_read) for adc_read
    mbed/TARGET_NUCLEO_F401RE/TOOLCHAIN_ARM_STD/analogin_device.o(i.adc_read) refers to mbed/TARGET_NUCLEO_F401RE/TOOLCHAIN_ARM_STD/stm32f4xx_hal_adc.o(i.HAL_ADC_ConfigChannel) for HAL_ADC_ConfigChannel
    mbed/TARGET_NUCLEO_F401RE/TOOLCHAIN_ARM_STD/analogin_device.o(i.adc_read) refers to mbed/TARGET_NUCLEO_F401RE/TOOLCHAIN_ARM_STD/stm32f4xx_hal_adc.o(i.HAL_ADC_Start) for HAL_ADC_Start
    mbed/TARGET_NUCLEO_F401RE/TOOLCHAIN_ARM_STD/analogin_device.o(i.adc_read) refers to mbed/TARGET_NUCLEO_F401RE/TOOLCHAIN_ARM_STD/stm32f4xx_hal_adc.o(i.HAL_ADC_PollForConversion) for HAL_ADC_PollForConversion
    mbed/TARGET_NUCLEO_F401RE/TOOLCHAIN_ARM_STD/analogin_device.o(i.adc_read) refers to mbed/TARGET_NUCLEO_F401RE/TOOLCHAIN_ARM_STD/stm32f4xx_hal_adc.o(i.HAL_ADC_GetValue) for HAL_ADC_GetValue
    mbed/TARGET_NUCLEO_F401RE/TOOLCHAIN_ARM_STD/analogin_device.o(i.analogin_init) refers to mbed/TARGET_NUCLEO_F401RE/TOOLCHAIN_ARM_STD/mbed.ar(mbed_pinmap_common.o)(i.pinmap_peripheral) for pinmap_peripheral
    mbed/TARGET_NUCLEO_F401RE/TOOLCHAIN_ARM_STD/analogin_device.o(i.analogin_init) refers to mbed/TARGET_NUCLEO_F401RE/TOOLCHAIN_ARM_STD/mbed.ar(mbed_pinmap_common.o)(i.pinmap_function) for pinmap_function
    mbed/TARGET_NUCLEO_F401RE/TOOLCHAIN_ARM_STD/analogin_device.o(i.analogin_init) refers to mbed/TARGET_NUCLEO_F401RE/TOOLCHAIN_ARM_STD/mbed.ar(mbed_pinmap_common.o)(i.pinmap_pinout) for pinmap_pinout
    mbed/TARGET_NUCLEO_F401RE/TOOLCHAIN_ARM_STD/analogin_device.o(i.analogin_init) refers to mbed/TARGET_NUCLEO_F401RE/TOOLCHAIN_ARM_STD/stm32f4xx_hal_adc.o(i.HAL_ADC_Init) for HAL_ADC_Init
    mbed/TARGET_NUCLEO_F401RE/TOOLCHAIN_ARM_STD/analogin_device.o(i.analogin_init) refers to mbed/TARGET_NUCLEO_F401RE/TOOLCHAIN_ARM_STD/mbed.ar(mbed_error.o)(i.error) for error
    mbed/TARGET_NUCLEO_F401RE/TOOLCHAIN_ARM_STD/analogin_device.o(i.analogin_init) refers to mbed/TARGET_NUCLEO_F401RE/TOOLCHAIN_ARM_STD/mbed.ar(mbed_assert.o)(i.mbed_assert_internal) for mbed_assert_internal
    mbed/TARGET_NUCLEO_F401RE/TOOLCHAIN_ARM_STD/analogin_device.o(i.analogin_init) refers to mbed/TARGET_NUCLEO_F401RE/TOOLCHAIN_ARM_STD/PeripheralPins.o(.constdata) for PinMap_ADC
    mbed/TARGET_NUCLEO_F401RE/TOOLCHAIN_ARM_STD/analogin_device.o(i.analogin_init) refers to mbed/TARGET_NUCLEO_F401RE/TOOLCHAIN_ARM_STD/PeripheralPins.o(.constdata) for PinMap_ADC_Internal
    mbed/TARGET_NUCLEO_F401RE/TOOLCHAIN_ARM_STD/analogin_device.o(i.analogin_init) refers to mbed/TARGET_NUCLEO_F401RE/TOOLCHAIN_ARM_STD/analogin_device.o(.conststring) for .conststring
    mbed/TARGET_NUCLEO_F401RE/TOOLCHAIN_ARM_STD/except.o(.text) refers to mbed/TARGET_NUCLEO_F401RE/TOOLCHAIN_ARM_STD/mbed_fault_handler.o(i.mbed_fault_handler) for mbed_fault_handler
    mbed/TARGET_NUCLEO_F401RE/TOOLCHAIN_ARM_STD/except.o(.text) refers to mbed/TARGET_NUCLEO_F401RE/TOOLCHAIN_ARM_STD/mbed_fault_handler.o(.constdata) for mbed_fault_context
    mbed/TARGET_NUCLEO_F401RE/TOOLCHAIN_ARM_STD/flash_api.o(i.flash_erase_sector) refers to mbed/TARGET_NUCLEO_F401RE/TOOLCHAIN_ARM_STD/stm32f4xx_hal_flash.o(i.HAL_FLASH_Unlock) for HAL_FLASH_Unlock
    mbed/TARGET_NUCLEO_F401RE/TOOLCHAIN_ARM_STD/flash_api.o(i.flash_erase_sector) refers to mbed/TARGET_NUCLEO_F401RE/TOOLCHAIN_ARM_STD/stm32f4xx_hal_flash_ex.o(i.HAL_FLASHEx_Erase) for HAL_FLASHEx_Erase
    mbed/TARGET_NUCLEO_F401RE/TOOLCHAIN_ARM_STD/flash_api.o(i.flash_erase_sector) refers to mbed/TARGET_NUCLEO_F401RE/TOOLCHAIN_ARM_STD/stm32f4xx_hal_flash.o(i.HAL_FLASH_Lock) for HAL_FLASH_Lock
    mbed/TARGET_NUCLEO_F401RE/TOOLCHAIN_ARM_STD/flash_api.o(i.flash_erase_sector) refers to mbed/TARGET_NUCLEO_F401RE/TOOLCHAIN_ARM_STD/flash_api.o(.bss) for .bss
    mbed/TARGET_NUCLEO_F401RE/TOOLCHAIN_ARM_STD/flash_api.o(i.flash_program_page) refers to mbed/TARGET_NUCLEO_F401RE/TOOLCHAIN_ARM_STD/stm32f4xx_hal_flash.o(i.HAL_FLASH_Unlock) for HAL_FLASH_Unlock
    mbed/TARGET_NUCLEO_F401RE/TOOLCHAIN_ARM_STD/flash_api.o(i.flash_program_page) refers to mbed/TARGET_NUCLEO_F401RE/TOOLCHAIN_ARM_STD/stm32f4xx_hal_flash.o(i.HAL_FLASH_Program) for HAL_FLASH_Program
    mbed/TARGET_NUCLEO_F401RE/TOOLCHAIN_ARM_STD/flash_api.o(i.flash_program_page) refers to mbed/TARGET_NUCLEO_F401RE/TOOLCHAIN_ARM_STD/stm32f4xx_hal_flash.o(i.HAL_FLASH_Lock) for HAL_FLASH_Lock
    mbed/TARGET_NUCLEO_F401RE/TOOLCHAIN_ARM_STD/gpio_api.o(i.Set_GPIO_Clock) refers to mbed/TARGET_NUCLEO_F401RE/TOOLCHAIN_ARM_STD/mbed.ar(mbed_error.o)(i.error) for error
[...]
    Removing mbed/TARGET_NUCLEO_F401RE/TOOLCHAIN_ARM_STD/stm32f4xx_hal_tim_ex.o(i.HAL_TIMEx_HallSensor_DeInit), (56 bytes).
    Removing mbed/TARGET_NUCLEO_F401RE/TOOLCHAIN_ARM_STD/stm32f4xx_hal_tim_ex.o(i.HAL_TIMEx_HallSensor_GetState), (6 bytes).
    Removing mbed/TARGET_NUCLEO_F401RE/TOOLCHAIN_ARM_STD/stm32f4xx_hal_tim_ex.o(i.HAL_TIMEx_HallSensor_Init), (178 bytes).
    Removing mbed/TARGET_NUCLEO_F401RE/TOOLCHAIN_ARM_STD/stm32f4xx_hal_tim_ex.o(i.HAL_TIMEx_HallSensor_MspDeInit), (2 bytes).
    Removing mbed/TARGET_NUCLEO_F401RE/TOOLCHAIN_ARM_STD/stm32f4xx_hal_tim_ex.o(i.HAL_TIMEx_HallSensor_MspInit), (2 bytes).
    Removing mbed/TARGET_NUCLEO_F401RE/TOOLCHAIN_ARM_STD/stm32f4xx_hal_tim_ex.o(i.HAL_TIMEx_HallSensor_Start), (28 bytes).
    Removing mbed/TARGET_NUCLEO_F401RE/TOOLCHAIN_ARM_STD/stm32f4xx_hal_tim_ex.o(i.HAL_TIMEx_HallSensor_Start_DMA), (112 bytes).
    Removing mbed/TARGET_NUCLEO_F401RE/TOOLCHAIN_ARM_STD/stm32f4xx_hal_tim_ex.o(i.HAL_TIMEx_HallSensor_Start_IT), (38 bytes).
    Removing mbed/TARGET_NUCLEO_F401RE/TOOLCHAIN_ARM_STD/stm32f4xx_hal_tim_ex.o(i.HAL_TIMEx_HallSensor_Stop), (46 bytes).
    Removing mbed/TARGET_NUCLEO_F401RE/TOOLCHAIN_ARM_STD/stm32f4xx_hal_tim_ex.o(i.HAL_TIMEx_HallSensor_Stop_DMA), (56 bytes).
    Removing mbed/TARGET_NUCLEO_F401RE/TOOLCHAIN_ARM_STD/stm32f4xx_hal_tim_ex.o(i.HAL_TIMEx_HallSensor_Stop_IT), (56 bytes).
    Removing mbed/TARGET_NUCLEO_F401RE/TOOLCHAIN_ARM_STD/stm32f4xx_hal_tim_ex.o(i.HAL_TIMEx_MasterConfigSynchronization), (100 bytes).
    Removing mbed/TARGET_NUCLEO_F401RE/TOOLCHAIN_ARM_STD/stm32f4xx_hal_tim_ex.o(i.HAL_TIMEx_OCN_Start), (44 bytes).
    Removing mbed/TARGET_NUCLEO_F401RE/TOOLCHAIN_ARM_STD/stm32f4xx_hal_tim_ex.o(i.HAL_TIMEx_OCN_Start_DMA), (244 bytes).
    Removing mbed/TARGET_NUCLEO_F401RE/TOOLCHAIN_ARM_STD/stm32f4xx_hal_tim_ex.o(i.HAL_TIMEx_OCN_Start_IT), (106 bytes).
    Removing mbed/TARGET_NUCLEO_F401RE/TOOLCHAIN_ARM_STD/stm32f4xx_hal_tim_ex.o(i.HAL_TIMEx_OCN_Stop), (104 bytes).
    Removing mbed/TARGET_NUCLEO_F401RE/TOOLCHAIN_ARM_STD/stm32f4xx_hal_tim_ex.o(i.HAL_TIMEx_OCN_Stop_DMA), (172 bytes).
    Removing mbed/TARGET_NUCLEO_F401RE/TOOLCHAIN_ARM_STD/stm32f4xx_hal_tim_ex.o(i.HAL_TIMEx_OCN_Stop_IT), (180 bytes).
    Removing mbed/TARGET_NUCLEO_F401RE/TOOLCHAIN_ARM_STD/stm32f4xx_hal_tim_ex.o(i.HAL_TIMEx_OnePulseN_Start), (34 bytes).
    Removing mbed/TARGET_NUCLEO_F401RE/TOOLCHAIN_ARM_STD/stm32f4xx_hal_tim_ex.o(i.HAL_TIMEx_OnePulseN_Start_IT), (54 bytes).
    Removing mbed/TARGET_NUCLEO_F401RE/TOOLCHAIN_ARM_STD/stm32f4xx_hal_tim_ex.o(i.HAL_TIMEx_OnePulseN_Stop), (104 bytes).
    Removing mbed/TARGET_NUCLEO_F401RE/TOOLCHAIN_ARM_STD/stm32f4xx_hal_tim_ex.o(i.HAL_TIMEx_OnePulseN_Stop_IT), (124 bytes).
    Removing mbed/TARGET_NUCLEO_F401RE/TOOLCHAIN_ARM_STD/stm32f4xx_hal_tim_ex.o(i.HAL_TIMEx_PWMN_Start), (44 bytes).
    Removing mbed/TARGET_NUCLEO_F401RE/TOOLCHAIN_ARM_STD/stm32f4xx_hal_tim_ex.o(i.HAL_TIMEx_PWMN_Start_DMA), (244 bytes).
    Removing mbed/TARGET_NUCLEO_F401RE/TOOLCHAIN_ARM_STD/stm32f4xx_hal_tim_ex.o(i.HAL_TIMEx_PWMN_Start_IT), (106 bytes).
    Removing mbed/TARGET_NUCLEO_F401RE/TOOLCHAIN_ARM_STD/stm32f4xx_hal_tim_ex.o(i.HAL_TIMEx_PWMN_Stop), (104 bytes).
    Removing mbed/TARGET_NUCLEO_F401RE/TOOLCHAIN_ARM_STD/stm32f4xx_hal_tim_ex.o(i.HAL_TIMEx_PWMN_Stop_DMA), (172 bytes).
    Removing mbed/TARGET_NUCLEO_F401RE/TOOLCHAIN_ARM_STD/stm32f4xx_hal_tim_ex.o(i.HAL_TIMEx_PWMN_Stop_IT), (180 bytes).
    Removing mbed/TARGET_NUCLEO_F401RE/TOOLCHAIN_ARM_STD/stm32f4xx_hal_tim_ex.o(i.HAL_TIMEx_RemapConfig), (32 bytes).
    Removing mbed/TARGET_NUCLEO_F401RE/TOOLCHAIN_ARM_STD/stm32f4xx_hal_tim_ex.o(i.TIMEx_DMACommutationCplt), (16 bytes).
    Removing mbed/TARGET_NUCLEO_F401RE/TOOLCHAIN_ARM_STD/stm32f4xx_hal_uart.o(.rev16_text), (4 bytes).
    Removing mbed/TARGET_NUCLEO_F401RE/TOOLCHAIN_ARM_STD/stm32f4xx_hal_uart.o(.revsh_text), (4 bytes).
    Removing mbed/TARGET_NUCLEO_F401RE/TOOLCHAIN_ARM_STD/stm32f4xx_hal_uart.o(.rrx_text), (6 bytes).
    Removing mbed/TARGET_NUCLEO_F401RE/TOOLCHAIN_ARM_STD/stm32f4xx_hal_uart.o(i.HAL_HalfDuplex_EnableReceiver), (54 bytes).
    Removing mbed/TARGET_NUCLEO_F401RE/TOOLCHAIN_ARM_STD/stm32f4xx_hal_uart.o(i.HAL_HalfDuplex_EnableTransmitter), (54 bytes).
    Removing mbed/TARGET_NUCLEO_F401RE/TOOLCHAIN_ARM_STD/stm32f4xx_hal_uart.o(i.HAL_HalfDuplex_Init), (108 bytes).
    Removing mbed/TARGET_NUCLEO_F401RE/TOOLCHAIN_ARM_STD/stm32f4xx_hal_uart.o(i.HAL_LIN_Init), (128 bytes).
    Removing mbed/TARGET_NUCLEO_F401RE/TOOLCHAIN_ARM_STD/stm32f4xx_hal_uart.o(i.HAL_LIN_SendBreak), (50 bytes).
    Removing mbed/TARGET_NUCLEO_F401RE/TOOLCHAIN_ARM_STD/stm32f4xx_hal_uart.o(i.HAL_MultiProcessor_EnterMuteMode), (50 bytes).
    Removing mbed/TARGET_NUCLEO_F401RE/TOOLCHAIN_ARM_STD/stm32f4xx_hal_uart.o(i.HAL_MultiProcessor_ExitMuteMode), (50 bytes).
    Removing mbed/TARGET_NUCLEO_F401RE/TOOLCHAIN_ARM_STD/stm32f4xx_hal_uart.o(i.HAL_MultiProcessor_Init), (142 bytes).
    Removing mbed/TARGET_NUCLEO_F401RE/TOOLCHAIN_ARM_STD/stm32f4xx_hal_uart.o(i.HAL_UART_Abort), (108 bytes).
    Removing mbed/TARGET_NUCLEO_F401RE/TOOLCHAIN_ARM_STD/stm32f4xx_hal_uart.o(i.HAL_UART_AbortCpltCallback), (2 bytes).
    Removing mbed/TARGET_NUCLEO_F401RE/TOOLCHAIN_ARM_STD/stm32f4xx_hal_uart.o(i.HAL_UART_AbortReceive), (70 bytes).
    Removing mbed/TARGET_NUCLEO_F401RE/TOOLCHAIN_ARM_STD/stm32f4xx_hal_uart.o(i.HAL_UART_AbortReceiveCpltCallback), (2 bytes).
    Removing mbed/TARGET_NUCLEO_F401RE/TOOLCHAIN_ARM_STD/stm32f4xx_hal_uart.o(i.HAL_UART_AbortReceive_IT), (96 bytes).
    Removing mbed/TARGET_NUCLEO_F401RE/TOOLCHAIN_ARM_STD/stm32f4xx_hal_uart.o(i.HAL_UART_AbortTransmit), (60 bytes).
    Removing mbed/TARGET_NUCLEO_F401RE/TOOLCHAIN_ARM_STD/stm32f4xx_hal_uart.o(i.HAL_UART_AbortTransmitCpltCallback), (2 bytes).
    Removing mbed/TARGET_NUCLEO_F401RE/TOOLCHAIN_ARM_STD/stm32f4xx_hal_uart.o(i.HAL_UART_AbortTransmit_IT), (84 bytes).
    Removing mbed/TARGET_NUCLEO_F401RE/TOOLCHAIN_ARM_STD/stm32f4xx_hal_uart.o(i.HAL_UART_Abort_IT), (180 bytes).
    Removing mbed/TARGET_NUCLEO_F401RE/TOOLCHAIN_ARM_STD/stm32f4xx_hal_uart.o(i.HAL_UART_DMAPause), (100 bytes).
    Removing mbed/TARGET_NUCLEO_F401RE/TOOLCHAIN_ARM_STD/stm32f4xx_hal_uart.o(i.HAL_UART_DMAResume), (96 bytes).
    Removing mbed/TARGET_NUCLEO_F401RE/TOOLCHAIN_ARM_STD/stm32f4xx_hal_uart.o(i.HAL_UART_DMAStop), (120 bytes).
    Removing mbed/TARGET_NUCLEO_F401RE/TOOLCHAIN_ARM_STD/stm32f4xx_hal_uart.o(i.HAL_UART_DeInit), (42 bytes).
    Removing mbed/TARGET_NUCLEO_F401RE/TOOLCHAIN_ARM_STD/stm32f4xx_hal_uart.o(i.HAL_UART_ErrorCallback), (2 bytes).
    Removing mbed/TARGET_NUCLEO_F401RE/TOOLCHAIN_ARM_STD/stm32f4xx_hal_uart.o(i.HAL_UART_GetError), (4 bytes).
    Removing mbed/TARGET_NUCLEO_F401RE/TOOLCHAIN_ARM_STD/stm32f4xx_hal_uart.o(i.HAL_UART_GetState), (12 bytes).
    Removing mbed/TARGET_NUCLEO_F401RE/TOOLCHAIN_ARM_STD/stm32f4xx_hal_uart.o(i.HAL_UART_MspDeInit), (2 bytes).
    Removing mbed/TARGET_NUCLEO_F401RE/TOOLCHAIN_ARM_STD/stm32f4xx_hal_uart.o(i.HAL_UART_Receive), (288 bytes).
    Removing mbed/TARGET_NUCLEO_F401RE/TOOLCHAIN_ARM_STD/stm32f4xx_hal_uart.o(i.HAL_UART_Receive_DMA), (152 bytes).
    Removing mbed/TARGET_NUCLEO_F401RE/TOOLCHAIN_ARM_STD/stm32f4xx_hal_uart.o(i.HAL_UART_Receive_IT), (74 bytes).
    Removing mbed/TARGET_NUCLEO_F401RE/TOOLCHAIN_ARM_STD/stm32f4xx_hal_uart.o(i.HAL_UART_RxHalfCpltCallback), (2 bytes).
    Removing mbed/TARGET_NUCLEO_F401RE/TOOLCHAIN_ARM_STD/stm32f4xx_hal_uart.o(i.HAL_UART_Transmit), (298 bytes).
    Removing mbed/TARGET_NUCLEO_F401RE/TOOLCHAIN_ARM_STD/stm32f4xx_hal_uart.o(i.HAL_UART_Transmit_DMA), (132 bytes).
    Removing mbed/TARGET_NUCLEO_F401RE/TOOLCHAIN_ARM_STD/stm32f4xx_hal_uart.o(i.HAL_UART_Transmit_IT), (64 bytes).
    Removing mbed/TARGET_NUCLEO_F401RE/TOOLCHAIN_ARM_STD/stm32f4xx_hal_uart.o(i.HAL_UART_TxCpltCallback), (2 bytes).
    Removing mbed/TARGET_NUCLEO_F401RE/TOOLCHAIN_ARM_STD/stm32f4xx_hal_uart.o(i.HAL_UART_TxHalfCpltCallback), (2 bytes).
    Removing mbed/TARGET_NUCLEO_F401RE/TOOLCHAIN_ARM_STD/stm32f4xx_hal_uart.o(i.UART_DMAError), (110 bytes).
    Removing mbed/TARGET_NUCLEO_F401RE/TOOLCHAIN_ARM_STD/stm32f4xx_hal_uart.o(i.UART_DMAReceiveCplt), (62 bytes).
    Removing mbed/TARGET_NUCLEO_F401RE/TOOLCHAIN_ARM_STD/stm32f4xx_hal_uart.o(i.UART_DMARxAbortCallback), (46 bytes).
    Removing mbed/TARGET_NUCLEO_F401RE/TOOLCHAIN_ARM_STD/stm32f4xx_hal_uart.o(i.UART_DMARxHalfCplt), (10 bytes).
    Removing mbed/TARGET_NUCLEO_F401RE/TOOLCHAIN_ARM_STD/stm32f4xx_hal_uart.o(i.UART_DMARxOnlyAbortCallback), (20 bytes).
    Removing mbed/TARGET_NUCLEO_F401RE/TOOLCHAIN_ARM_STD/stm32f4xx_hal_uart.o(i.UART_DMATransmitCplt), (48 bytes).
    Removing mbed/TARGET_NUCLEO_F401RE/TOOLCHAIN_ARM_STD/stm32f4xx_hal_uart.o(i.UART_DMATxAbortCallback), (46 bytes).
    Removing mbed/TARGET_NUCLEO_F401RE/TOOLCHAIN_ARM_STD/stm32f4xx_hal_uart.o(i.UART_DMATxHalfCplt), (10 bytes).
    Removing mbed/TARGET_NUCLEO_F401RE/TOOLCHAIN_ARM_STD/stm32f4xx_hal_uart.o(i.UART_DMATxOnlyAbortCallback), (20 bytes).
    Removing mbed/TARGET_NUCLEO_F401RE/TOOLCHAIN_ARM_STD/stm32f4xx_hal_uart.o(i.UART_WaitOnFlagUntilTimeout), (100 bytes).
    Removing mbed/TARGET_NUCLEO_F401RE/TOOLCHAIN_ARM_STD/stm32f4xx_hal_usart.o(.rev16_text), (4 bytes).
    Removing mbed/TARGET_NUCLEO_F401RE/TOOLCHAIN_ARM_STD/stm32f4xx_hal_usart.o(.revsh_text), (4 bytes).
    Removing mbed/TARGET_NUCLEO_F401RE/TOOLCHAIN_ARM_STD/stm32f4xx_hal_usart.o(.rrx_text), (6 bytes).
    Removing mbed/TARGET_NUCLEO_F401RE/TOOLCHAIN_ARM_STD/stm32f4xx_hal_usart.o(i.HAL_USART_Abort), (104 bytes).
    Removing mbed/TARGET_NUCLEO_F401RE/TOOLCHAIN_ARM_STD/stm32f4xx_hal_usart.o(i.HAL_USART_AbortCpltCallback), (2 bytes).
    Removing mbed/TARGET_NUCLEO_F401RE/TOOLCHAIN_ARM_STD/stm32f4xx_hal_usart.o(i.HAL_USART_Abort_IT), (176 bytes).
    Removing mbed/TARGET_NUCLEO_F401RE/TOOLCHAIN_ARM_STD/stm32f4xx_hal_usart.o(i.HAL_USART_DMAPause), (38 bytes).
    Removing mbed/TARGET_NUCLEO_F401RE/TOOLCHAIN_ARM_STD/stm32f4xx_hal_usart.o(i.HAL_USART_DMAResume), (38 bytes).
    Removing mbed/TARGET_NUCLEO_F401RE/TOOLCHAIN_ARM_STD/stm32f4xx_hal_usart.o(i.HAL_USART_DMAStop), (120 bytes).
    Removing mbed/TARGET_NUCLEO_F401RE/TOOLCHAIN_ARM_STD/stm32f4xx_hal_usart.o(i.HAL_USART_DeInit), (48 bytes).
    Removing mbed/TARGET_NUCLEO_F401RE/TOOLCHAIN_ARM_STD/stm32f4xx_hal_usart.o(i.HAL_USART_ErrorCallback), (2 bytes).
    Removing mbed/TARGET_NUCLEO_F401RE/TOOLCHAIN_ARM_STD/stm32f4xx_hal_usart.o(i.HAL_USART_GetError), (4 bytes).
    Removing mbed/TARGET_NUCLEO_F401RE/TOOLCHAIN_ARM_STD/stm32f4xx_hal_usart.o(i.HAL_USART_GetState), (6 bytes).
    Removing mbed/TARGET_NUCLEO_F401RE/TOOLCHAIN_ARM_STD/stm32f4xx_hal_usart.o(i.HAL_USART_IRQHandler), (464 bytes).
    Removing mbed/TARGET_NUCLEO_F401RE/TOOLCHAIN_ARM_STD/stm32f4xx_hal_usart.o(i.HAL_USART_Init), (404 bytes).
    Removing mbed/TARGET_NUCLEO_F401RE/TOOLCHAIN_ARM_STD/stm32f4xx_hal_usart.o(i.HAL_USART_MspDeInit), (2 bytes).
    Removing mbed/TARGET_NUCLEO_F401RE/TOOLCHAIN_ARM_STD/stm32f4xx_hal_usart.o(i.HAL_USART_MspInit), (2 bytes).
    Removing mbed/TARGET_NUCLEO_F401RE/TOOLCHAIN_ARM_STD/stm32f4xx_hal_usart.o(i.HAL_USART_Receive), (258 bytes).
    Removing mbed/TARGET_NUCLEO_F401RE/TOOLCHAIN_ARM_STD/stm32f4xx_hal_usart.o(i.HAL_USART_Receive_DMA), (196 bytes).
    Removing mbed/TARGET_NUCLEO_F401RE/TOOLCHAIN_ARM_STD/stm32f4xx_hal_usart.o(i.HAL_USART_Receive_IT), (82 bytes).
    Removing mbed/TARGET_NUCLEO_F401RE/TOOLCHAIN_ARM_STD/stm32f4xx_hal_usart.o(i.HAL_USART_RxCpltCallback), (2 bytes).
    Removing mbed/TARGET_NUCLEO_F401RE/TOOLCHAIN_ARM_STD/stm32f4xx_hal_usart.o(i.HAL_USART_RxHalfCpltCallback), (2 bytes).
    Removing mbed/TARGET_NUCLEO_F401RE/TOOLCHAIN_ARM_STD/stm32f4xx_hal_usart.o(i.HAL_USART_Transmit), (200 bytes).
    Removing mbed/TARGET_NUCLEO_F401RE/TOOLCHAIN_ARM_STD/stm32f4xx_hal_usart.o(i.HAL_USART_TransmitReceive), (286 bytes).
    Removing mbed/TARGET_NUCLEO_F401RE/TOOLCHAIN_ARM_STD/stm32f4xx_hal_usart.o(i.HAL_USART_TransmitReceive_DMA), (212 bytes).
    Removing mbed/TARGET_NUCLEO_F401RE/TOOLCHAIN_ARM_STD/stm32f4xx_hal_usart.o(i.HAL_USART_TransmitReceive_IT), (106 bytes).
    Removing mbed/TARGET_NUCLEO_F401RE/TOOLCHAIN_ARM_STD/stm32f4xx_hal_usart.o(i.HAL_USART_Transmit_DMA), (132 bytes).
    Removing mbed/TARGET_NUCLEO_F401RE/TOOLCHAIN_ARM_STD/stm32f4xx_hal_usart.o(i.HAL_USART_Transmit_IT), (64 bytes).
    Removing mbed/TARGET_NUCLEO_F401RE/TOOLCHAIN_ARM_STD/stm32f4xx_hal_usart.o(i.HAL_USART_TxCpltCallback), (2 bytes).
    Removing mbed/TARGET_NUCLEO_F401RE/TOOLCHAIN_ARM_STD/stm32f4xx_hal_usart.o(i.HAL_USART_TxHalfCpltCallback), (2 bytes).
    Removing mbed/TARGET_NUCLEO_F401RE/TOOLCHAIN_ARM_STD/stm32f4xx_hal_usart.o(i.HAL_USART_TxRxCpltCallback), (2 bytes).
    Removing mbed/TARGET_NUCLEO_F401RE/TOOLCHAIN_ARM_STD/stm32f4xx_hal_usart.o(i.USART_DMAAbortOnError), (16 bytes).
    Removing mbed/TARGET_NUCLEO_F401RE/TOOLCHAIN_ARM_STD/stm32f4xx_hal_usart.o(i.USART_DMAError), (104 bytes).
    Removing mbed/TARGET_NUCLEO_F401RE/TOOLCHAIN_ARM_STD/stm32f4xx_hal_usart.o(i.USART_DMAReceiveCplt), (96 bytes).
    Removing mbed/TARGET_NUCLEO_F401RE/TOOLCHAIN_ARM_STD/stm32f4xx_hal_usart.o(i.USART_DMARxAbortCallback), (42 bytes).
    Removing mbed/TARGET_NUCLEO_F401RE/TOOLCHAIN_ARM_STD/stm32f4xx_hal_usart.o(i.USART_DMARxHalfCplt), (10 bytes).
    Removing mbed/TARGET_NUCLEO_F401RE/TOOLCHAIN_ARM_STD/stm32f4xx_hal_usart.o(i.USART_DMATransmitCplt), (66 bytes).
    Removing mbed/TARGET_NUCLEO_F401RE/TOOLCHAIN_ARM_STD/stm32f4xx_hal_usart.o(i.USART_DMATxAbortCallback), (42 bytes).
    Removing mbed/TARGET_NUCLEO_F401RE/TOOLCHAIN_ARM_STD/stm32f4xx_hal_usart.o(i.USART_DMATxHalfCplt), (10 bytes).
    Removing mbed/TARGET_NUCLEO_F401RE/TOOLCHAIN_ARM_STD/stm32f4xx_hal_usart.o(i.USART_Receive_IT), (180 bytes).
    Removing mbed/TARGET_NUCLEO_F401RE/TOOLCHAIN_ARM_STD/stm32f4xx_hal_usart.o(i.USART_TransmitReceive_IT), (236 bytes).
    Removing mbed/TARGET_NUCLEO_F401RE/TOOLCHAIN_ARM_STD/stm32f4xx_hal_usart.o(i.USART_WaitOnFlagUntilTimeout), (116 bytes).
    Removing mbed/TARGET_NUCLEO_F401RE/TOOLCHAIN_ARM_STD/stm32f4xx_hal_wwdg.o(.rev16_text), (4 bytes).
    Removing mbed/TARGET_NUCLEO_F401RE/TOOLCHAIN_ARM_STD/stm32f4xx_hal_wwdg.o(.revsh_text), (4 bytes).
    Removing mbed/TARGET_NUCLEO_F401RE/TOOLCHAIN_ARM_STD/stm32f4xx_hal_wwdg.o(.rrx_text), (6 bytes).
    Removing mbed/TARGET_NUCLEO_F401RE/TOOLCHAIN_ARM_STD/stm32f4xx_hal_wwdg.o(i.HAL_WWDG_EarlyWakeupCallback), (2 bytes).
    Removing mbed/TARGET_NUCLEO_F401RE/TOOLCHAIN_ARM_STD/stm32f4xx_hal_wwdg.o(i.HAL_WWDG_IRQHandler), (32 bytes).
    Removing mbed/TARGET_NUCLEO_F401RE/TOOLCHAIN_ARM_STD/stm32f4xx_hal_wwdg.o(i.HAL_WWDG_Init), (44 bytes).
    Removing mbed/TARGET_NUCLEO_F401RE/TOOLCHAIN_ARM_STD/stm32f4xx_hal_wwdg.o(i.HAL_WWDG_MspInit), (2 bytes).
    Removing mbed/TARGET_NUCLEO_F401RE/TOOLCHAIN_ARM_STD/stm32f4xx_hal_wwdg.o(i.HAL_WWDG_Refresh), (10 bytes).
    Removing mbed/TARGET_NUCLEO_F401RE/TOOLCHAIN_ARM_STD/stm32f4xx_ll_fmc.o(.rev16_text), (4 bytes).
    Removing mbed/TARGET_NUCLEO_F401RE/TOOLCHAIN_ARM_STD/stm32f4xx_ll_fmc.o(.revsh_text), (4 bytes).
    Removing mbed/TARGET_NUCLEO_F401RE/TOOLCHAIN_ARM_STD/stm32f4xx_ll_fmc.o(.rrx_text), (6 bytes).
    Removing mbed/TARGET_NUCLEO_F401RE/TOOLCHAIN_ARM_STD/stm32f4xx_ll_fsmc.o(.rev16_text), (4 bytes).
    Removing mbed/TARGET_NUCLEO_F401RE/TOOLCHAIN_ARM_STD/stm32f4xx_ll_fsmc.o(.revsh_text), (4 bytes).
    Removing mbed/TARGET_NUCLEO_F401RE/TOOLCHAIN_ARM_STD/stm32f4xx_ll_fsmc.o(.rrx_text), (6 bytes).
    Removing mbed/TARGET_NUCLEO_F401RE/TOOLCHAIN_ARM_STD/stm32f4xx_ll_sdmmc.o(.rev16_text), (4 bytes).
    Removing mbed/TARGET_NUCLEO_F401RE/TOOLCHAIN_ARM_STD/stm32f4xx_ll_sdmmc.o(.revsh_text), (4 bytes).
    Removing mbed/TARGET_NUCLEO_F401RE/TOOLCHAIN_ARM_STD/stm32f4xx_ll_sdmmc.o(.rrx_text), (6 bytes).
    Removing mbed/TARGET_NUCLEO_F401RE/TOOLCHAIN_ARM_STD/stm32f4xx_ll_sdmmc.o(i.SDIO_ConfigData), (36 bytes).
    Removing mbed/TARGET_NUCLEO_F401RE/TOOLCHAIN_ARM_STD/stm32f4xx_ll_sdmmc.o(i.SDIO_GetCommandResponse), (6 bytes).
    Removing mbed/TARGET_NUCLEO_F401RE/TOOLCHAIN_ARM_STD/stm32f4xx_ll_sdmmc.o(i.SDIO_GetDataCounter), (4 bytes).
    Removing mbed/TARGET_NUCLEO_F401RE/TOOLCHAIN_ARM_STD/stm32f4xx_ll_sdmmc.o(i.SDIO_GetFIFOCount), (6 bytes).
    Removing mbed/TARGET_NUCLEO_F401RE/TOOLCHAIN_ARM_STD/stm32f4xx_ll_sdmmc.o(i.SDIO_GetPowerState), (8 bytes).
    Removing mbed/TARGET_NUCLEO_F401RE/TOOLCHAIN_ARM_STD/stm32f4xx_ll_sdmmc.o(i.SDIO_GetResponse), (14 bytes).
    Removing mbed/TARGET_NUCLEO_F401RE/TOOLCHAIN_ARM_STD/stm32f4xx_ll_sdmmc.o(i.SDIO_Init), (44 bytes).
    Removing mbed/TARGET_NUCLEO_F401RE/TOOLCHAIN_ARM_STD/stm32f4xx_ll_sdmmc.o(i.SDIO_PowerState_OFF), (8 bytes).
    Removing mbed/TARGET_NUCLEO_F401RE/TOOLCHAIN_ARM_STD/stm32f4xx_ll_sdmmc.o(i.SDIO_PowerState_ON), (8 bytes).
    Removing mbed/TARGET_NUCLEO_F401RE/TOOLCHAIN_ARM_STD/stm32f4xx_ll_sdmmc.o(i.SDIO_ReadFIFO), (6 bytes).
    Removing mbed/TARGET_NUCLEO_F401RE/TOOLCHAIN_ARM_STD/stm32f4xx_ll_sdmmc.o(i.SDIO_SendCommand), (32 bytes).
    Removing mbed/TARGET_NUCLEO_F401RE/TOOLCHAIN_ARM_STD/stm32f4xx_ll_sdmmc.o(i.SDIO_SetSDMMCReadWaitMode), (14 bytes).
    Removing mbed/TARGET_NUCLEO_F401RE/TOOLCHAIN_ARM_STD/stm32f4xx_ll_sdmmc.o(i.SDIO_WriteFIFO), (10 bytes).
    Removing mbed/TARGET_NUCLEO_F401RE/TOOLCHAIN_ARM_STD/stm32f4xx_ll_sdmmc.o(i.SDMMC_CmdAppCommand), (26 bytes).
    Removing mbed/TARGET_NUCLEO_F401RE/TOOLCHAIN_ARM_STD/stm32f4xx_ll_sdmmc.o(i.SDMMC_CmdAppOperCommand), (88 bytes).
    Removing mbed/TARGET_NUCLEO_F401RE/TOOLCHAIN_ARM_STD/stm32f4xx_ll_sdmmc.o(i.SDMMC_CmdBlockLength), (24 bytes).
    Removing mbed/TARGET_NUCLEO_F401RE/TOOLCHAIN_ARM_STD/stm32f4xx_ll_sdmmc.o(i.SDMMC_CmdBusWidth), (26 bytes).
    Removing mbed/TARGET_NUCLEO_F401RE/TOOLCHAIN_ARM_STD/stm32f4xx_ll_sdmmc.o(i.SDMMC_CmdErase), (28 bytes).
    Removing mbed/TARGET_NUCLEO_F401RE/TOOLCHAIN_ARM_STD/stm32f4xx_ll_sdmmc.o(i.SDMMC_CmdEraseEndAdd), (26 bytes).
    Removing mbed/TARGET_NUCLEO_F401RE/TOOLCHAIN_ARM_STD/stm32f4xx_ll_sdmmc.o(i.SDMMC_CmdEraseStartAdd), (26 bytes).
    Removing mbed/TARGET_NUCLEO_F401RE/TOOLCHAIN_ARM_STD/stm32f4xx_ll_sdmmc.o(i.SDMMC_CmdGoIdleState), (68 bytes).
    Removing mbed/TARGET_NUCLEO_F401RE/TOOLCHAIN_ARM_STD/stm32f4xx_ll_sdmmc.o(i.SDMMC_CmdOpCondition), (80 bytes).
    Removing mbed/TARGET_NUCLEO_F401RE/TOOLCHAIN_ARM_STD/stm32f4xx_ll_sdmmc.o(i.SDMMC_CmdOperCond), (96 bytes).
    Removing mbed/TARGET_NUCLEO_F401RE/TOOLCHAIN_ARM_STD/stm32f4xx_ll_sdmmc.o(i.SDMMC_CmdReadMultiBlock), (26 bytes).
    Removing mbed/TARGET_NUCLEO_F401RE/TOOLCHAIN_ARM_STD/stm32f4xx_ll_sdmmc.o(i.SDMMC_CmdReadSingleBlock), (26 bytes).
    Removing mbed/TARGET_NUCLEO_F401RE/TOOLCHAIN_ARM_STD/stm32f4xx_ll_sdmmc.o(i.SDMMC_CmdSDEraseEndAdd), (26 bytes).
    Removing mbed/TARGET_NUCLEO_F401RE/TOOLCHAIN_ARM_STD/stm32f4xx_ll_sdmmc.o(i.SDMMC_CmdSDEraseStartAdd), (24 bytes).
    Removing mbed/TARGET_NUCLEO_F401RE/TOOLCHAIN_ARM_STD/stm32f4xx_ll_sdmmc.o(i.SDMMC_CmdSelDesel), (26 bytes).
    Removing mbed/TARGET_NUCLEO_F401RE/TOOLCHAIN_ARM_STD/stm32f4xx_ll_sdmmc.o(i.SDMMC_CmdSendCID), (96 bytes).
    Removing mbed/TARGET_NUCLEO_F401RE/TOOLCHAIN_ARM_STD/stm32f4xx_ll_sdmmc.o(i.SDMMC_CmdSendCSD), (96 bytes).
    Removing mbed/TARGET_NUCLEO_F401RE/TOOLCHAIN_ARM_STD/stm32f4xx_ll_sdmmc.o(i.SDMMC_CmdSendSCR), (28 bytes).
    Removing mbed/TARGET_NUCLEO_F401RE/TOOLCHAIN_ARM_STD/stm32f4xx_ll_sdmmc.o(i.SDMMC_CmdSendStatus), (26 bytes).
    Removing mbed/TARGET_NUCLEO_F401RE/TOOLCHAIN_ARM_STD/stm32f4xx_ll_sdmmc.o(i.SDMMC_CmdSetRelAdd), (160 bytes).
    Removing mbed/TARGET_NUCLEO_F401RE/TOOLCHAIN_ARM_STD/stm32f4xx_ll_sdmmc.o(i.SDMMC_CmdStatusRegister), (28 bytes).
    Removing mbed/TARGET_NUCLEO_F401RE/TOOLCHAIN_ARM_STD/stm32f4xx_ll_sdmmc.o(i.SDMMC_CmdStopTransfer), (32 bytes).
    Removing mbed/TARGET_NUCLEO_F401RE/TOOLCHAIN_ARM_STD/stm32f4xx_ll_sdmmc.o(i.SDMMC_CmdSwitch), (26 bytes).
    Removing mbed/TARGET_NUCLEO_F401RE/TOOLCHAIN_ARM_STD/stm32f4xx_ll_sdmmc.o(i.SDMMC_CmdWriteMultiBlock), (26 bytes).
    Removing mbed/TARGET_NUCLEO_F401RE/TOOLCHAIN_ARM_STD/stm32f4xx_ll_sdmmc.o(i.SDMMC_CmdWriteSingleBlock), (24 bytes).
    Removing mbed/TARGET_NUCLEO_F401RE/TOOLCHAIN_ARM_STD/stm32f4xx_ll_sdmmc.o(i.SDMMC_GetCmdResp1), (372 bytes).
    Removing mbed/TARGET_NUCLEO_F401RE/TOOLCHAIN_ARM_STD/stm32f4xx_ll_usb.o(.rev16_text), (4 bytes).
    Removing mbed/TARGET_NUCLEO_F401RE/TOOLCHAIN_ARM_STD/stm32f4xx_ll_usb.o(.revsh_text), (4 bytes).
    Removing mbed/TARGET_NUCLEO_F401RE/TOOLCHAIN_ARM_STD/stm32f4xx_ll_usb.o(.rrx_text), (6 bytes).
    Removing mbed/TARGET_NUCLEO_F401RE/TOOLCHAIN_ARM_STD/stm32f4xx_ll_usb.o(i.USB_ActivateDedicatedEndpoint), (244 bytes).
    Removing mbed/TARGET_NUCLEO_F401RE/TOOLCHAIN_ARM_STD/stm32f4xx_ll_usb.o(i.USB_ActivateEndpoint), (144 bytes).
    Removing mbed/TARGET_NUCLEO_F401RE/TOOLCHAIN_ARM_STD/stm32f4xx_ll_usb.o(i.USB_ActivateSetup), (52 bytes).
    Removing mbed/TARGET_NUCLEO_F401RE/TOOLCHAIN_ARM_STD/stm32f4xx_ll_usb.o(i.USB_ClearInterrupts), (8 bytes).
    Removing mbed/TARGET_NUCLEO_F401RE/TOOLCHAIN_ARM_STD/stm32f4xx_ll_usb.o(i.USB_CoreInit), (188 bytes).
    Removing mbed/TARGET_NUCLEO_F401RE/TOOLCHAIN_ARM_STD/stm32f4xx_ll_usb.o(i.USB_DeactivateDedicatedEndpoint), (236 bytes).
    Removing mbed/TARGET_NUCLEO_F401RE/TOOLCHAIN_ARM_STD/stm32f4xx_ll_usb.o(i.USB_DeactivateEndpoint), (236 bytes).
    Removing mbed/TARGET_NUCLEO_F401RE/TOOLCHAIN_ARM_STD/stm32f4xx_ll_usb.o(i.USB_DevConnect), (24 bytes).
    Removing mbed/TARGET_NUCLEO_F401RE/TOOLCHAIN_ARM_STD/stm32f4xx_ll_usb.o(i.USB_DevDisconnect), (24 bytes).
    Removing mbed/TARGET_NUCLEO_F401RE/TOOLCHAIN_ARM_STD/stm32f4xx_ll_usb.o(i.USB_DevInit), (360 bytes).
    Removing mbed/TARGET_NUCLEO_F401RE/TOOLCHAIN_ARM_STD/stm32f4xx_ll_usb.o(i.USB_DisableGlobalInt), (12 bytes).
    Removing mbed/TARGET_NUCLEO_F401RE/TOOLCHAIN_ARM_STD/stm32f4xx_ll_usb.o(i.USB_DoPing), (72 bytes).
    Removing mbed/TARGET_NUCLEO_F401RE/TOOLCHAIN_ARM_STD/stm32f4xx_ll_usb.o(i.USB_DriveVbus), (54 bytes).
    Removing mbed/TARGET_NUCLEO_F401RE/TOOLCHAIN_ARM_STD/stm32f4xx_ll_usb.o(i.USB_EP0StartXfer), (352 bytes).
    Removing mbed/TARGET_NUCLEO_F401RE/TOOLCHAIN_ARM_STD/stm32f4xx_ll_usb.o(i.USB_EP0_OutStart), (62 bytes).
    Removing mbed/TARGET_NUCLEO_F401RE/TOOLCHAIN_ARM_STD/stm32f4xx_ll_usb.o(i.USB_EPClearStall), (102 bytes).
    Removing mbed/TARGET_NUCLEO_F401RE/TOOLCHAIN_ARM_STD/stm32f4xx_ll_usb.o(i.USB_EPSetStall), (100 bytes).
    Removing mbed/TARGET_NUCLEO_F401RE/TOOLCHAIN_ARM_STD/stm32f4xx_ll_usb.o(i.USB_EPStartXfer), (636 bytes).
    Removing mbed/TARGET_NUCLEO_F401RE/TOOLCHAIN_ARM_STD/stm32f4xx_ll_usb.o(i.USB_EnableGlobalInt), (12 bytes).
    Removing mbed/TARGET_NUCLEO_F401RE/TOOLCHAIN_ARM_STD/stm32f4xx_ll_usb.o(i.USB_FlushRxFifo), (36 bytes).
    Removing mbed/TARGET_NUCLEO_F401RE/TOOLCHAIN_ARM_STD/stm32f4xx_ll_usb.o(i.USB_FlushTxFifo), (40 bytes).
    Removing mbed/TARGET_NUCLEO_F401RE/TOOLCHAIN_ARM_STD/stm32f4xx_ll_usb.o(i.USB_GetCurrentFrame), (8 bytes).
    Removing mbed/TARGET_NUCLEO_F401RE/TOOLCHAIN_ARM_STD/stm32f4xx_ll_usb.o(i.USB_GetDevSpeed), (58 bytes).
    Removing mbed/TARGET_NUCLEO_F401RE/TOOLCHAIN_ARM_STD/stm32f4xx_ll_usb.o(i.USB_GetHostSpeed), (16 bytes).
    Removing mbed/TARGET_NUCLEO_F401RE/TOOLCHAIN_ARM_STD/stm32f4xx_ll_usb.o(i.USB_GetMode), (8 bytes).
    Removing mbed/TARGET_NUCLEO_F401RE/TOOLCHAIN_ARM_STD/stm32f4xx_ll_usb.o(i.USB_HC_Halt), (340 bytes).
    Removing mbed/TARGET_NUCLEO_F401RE/TOOLCHAIN_ARM_STD/stm32f4xx_ll_usb.o(i.USB_HC_Init), (230 bytes).
    Removing mbed/TARGET_NUCLEO_F401RE/TOOLCHAIN_ARM_STD/stm32f4xx_ll_usb.o(i.USB_HC_ReadInterrupt), (10 bytes).
    Removing mbed/TARGET_NUCLEO_F401RE/TOOLCHAIN_ARM_STD/stm32f4xx_ll_usb.o(i.USB_HC_StartXfer), (524 bytes).
    Removing mbed/TARGET_NUCLEO_F401RE/TOOLCHAIN_ARM_STD/stm32f4xx_ll_usb.o(i.USB_HostInit), (284 bytes).
    Removing mbed/TARGET_NUCLEO_F401RE/TOOLCHAIN_ARM_STD/stm32f4xx_ll_usb.o(i.USB_InitFSLSPClkSel), (54 bytes).
    Removing mbed/TARGET_NUCLEO_F401RE/TOOLCHAIN_ARM_STD/stm32f4xx_ll_usb.o(i.USB_ReadDevAllInEpInterrupt), (14 bytes).
    Removing mbed/TARGET_NUCLEO_F401RE/TOOLCHAIN_ARM_STD/stm32f4xx_ll_usb.o(i.USB_ReadDevAllOutEpInterrupt), (14 bytes).
    Removing mbed/TARGET_NUCLEO_F401RE/TOOLCHAIN_ARM_STD/stm32f4xx_ll_usb.o(i.USB_ReadDevInEPInterrupt), (30 bytes).
    Removing mbed/TARGET_NUCLEO_F401RE/TOOLCHAIN_ARM_STD/stm32f4xx_ll_usb.o(i.USB_ReadDevOutEPInterrupt), (16 bytes).
    Removing mbed/TARGET_NUCLEO_F401RE/TOOLCHAIN_ARM_STD/stm32f4xx_ll_usb.o(i.USB_ReadInterrupts), (8 bytes).
    Removing mbed/TARGET_NUCLEO_F401RE/TOOLCHAIN_ARM_STD/stm32f4xx_ll_usb.o(i.USB_ReadPacket), (58 bytes).
    Removing mbed/TARGET_NUCLEO_F401RE/TOOLCHAIN_ARM_STD/stm32f4xx_ll_usb.o(i.USB_ResetPort), (42 bytes).
    Removing mbed/TARGET_NUCLEO_F401RE/TOOLCHAIN_ARM_STD/stm32f4xx_ll_usb.o(i.USB_SetCurrentMode), (46 bytes).
    Removing mbed/TARGET_NUCLEO_F401RE/TOOLCHAIN_ARM_STD/stm32f4xx_ll_usb.o(i.USB_SetDevAddress), (34 bytes).
    Removing mbed/TARGET_NUCLEO_F401RE/TOOLCHAIN_ARM_STD/stm32f4xx_ll_usb.o(i.USB_SetDevSpeed), (14 bytes).
    Removing mbed/TARGET_NUCLEO_F401RE/TOOLCHAIN_ARM_STD/stm32f4xx_ll_usb.o(i.USB_StopDevice), (116 bytes).
    Removing mbed/TARGET_NUCLEO_F401RE/TOOLCHAIN_ARM_STD/stm32f4xx_ll_usb.o(i.USB_StopHost), (232 bytes).
    Removing mbed/TARGET_NUCLEO_F401RE/TOOLCHAIN_ARM_STD/stm32f4xx_ll_usb.o(i.USB_WritePacket), (66 bytes).
    Removing mbed/TARGET_NUCLEO_F401RE/TOOLCHAIN_ARM_STD/stm32f4xx_ll_usb.o(.data), (4 bytes).
    Removing mbed/TARGET_NUCLEO_F401RE/TOOLCHAIN_ARM_STD/stm32f4xx_ll_utils.o(.rev16_text), (4 bytes).
    Removing mbed/TARGET_NUCLEO_F401RE/TOOLCHAIN_ARM_STD/stm32f4xx_ll_utils.o(.revsh_text), (4 bytes).
    Removing mbed/TARGET_NUCLEO_F401RE/TOOLCHAIN_ARM_STD/stm32f4xx_ll_utils.o(.rrx_text), (6 bytes).
    Removing mbed/TARGET_NUCLEO_F401RE/TOOLCHAIN_ARM_STD/stm32f4xx_ll_utils.o(i.LL_Init1msTick), (26 bytes).
    Removing mbed/TARGET_NUCLEO_F401RE/TOOLCHAIN_ARM_STD/stm32f4xx_ll_utils.o(i.LL_PLL_ConfigSystemClock_HSE), (180 bytes).
    Removing mbed/TARGET_NUCLEO_F401RE/TOOLCHAIN_ARM_STD/stm32f4xx_ll_utils.o(i.LL_PLL_ConfigSystemClock_HSI), (148 bytes).
    Removing mbed/TARGET_NUCLEO_F401RE/TOOLCHAIN_ARM_STD/stm32f4xx_ll_utils.o(i.LL_SetSystemCoreClock), (12 bytes).
    Removing mbed/TARGET_NUCLEO_F401RE/TOOLCHAIN_ARM_STD/stm32f4xx_ll_utils.o(i.LL_mDelay), (36 bytes).
    Removing mbed/TARGET_NUCLEO_F401RE/TOOLCHAIN_ARM_STD/stm32f4xx_ll_utils.o(i.UTILS_EnablePLLAndSwitchSystem), (420 bytes).
    Removing mbed/TARGET_NUCLEO_F401RE/TOOLCHAIN_ARM_STD/stm_spi_api.o(.rev16_text), (4 bytes).
    Removing mbed/TARGET_NUCLEO_F401RE/TOOLCHAIN_ARM_STD/stm_spi_api.o(.revsh_text), (4 bytes).
    Removing mbed/TARGET_NUCLEO_F401RE/TOOLCHAIN_ARM_STD/stm_spi_api.o(.rrx_text), (6 bytes).
    Removing mbed/TARGET_NUCLEO_F401RE/TOOLCHAIN_ARM_STD/stm_spi_api.o(i.init_spi), (72 bytes).
    Removing mbed/TARGET_NUCLEO_F401RE/TOOLCHAIN_ARM_STD/stm_spi_api.o(i.spi_abort_asynch), (108 bytes).
    Removing mbed/TARGET_NUCLEO_F401RE/TOOLCHAIN_ARM_STD/stm_spi_api.o(i.spi_active), (26 bytes).
    Removing mbed/TARGET_NUCLEO_F401RE/TOOLCHAIN_ARM_STD/stm_spi_api.o(i.spi_busy), (10 bytes).
    Removing mbed/TARGET_NUCLEO_F401RE/TOOLCHAIN_ARM_STD/stm_spi_api.o(i.spi_format), (224 bytes).
    Removing mbed/TARGET_NUCLEO_F401RE/TOOLCHAIN_ARM_STD/stm_spi_api.o(i.spi_free), (268 bytes).
    Removing mbed/TARGET_NUCLEO_F401RE/TOOLCHAIN_ARM_STD/stm_spi_api.o(i.spi_frequency), (108 bytes).
    Removing mbed/TARGET_NUCLEO_F401RE/TOOLCHAIN_ARM_STD/stm_spi_api.o(i.spi_init), (476 bytes).
    Removing mbed/TARGET_NUCLEO_F401RE/TOOLCHAIN_ARM_STD/stm_spi_api.o(i.spi_master_block_write), (194 bytes).
    Removing mbed/TARGET_NUCLEO_F401RE/TOOLCHAIN_ARM_STD/stm_spi_api.o(i.spi_master_start_asynch_transfer), (232 bytes).
    Removing mbed/TARGET_NUCLEO_F401RE/TOOLCHAIN_ARM_STD/stm_spi_api.o(i.spi_master_transfer), (200 bytes).
    Removing mbed/TARGET_NUCLEO_F401RE/TOOLCHAIN_ARM_STD/stm_spi_api.o(i.spi_master_write), (80 bytes).
    Removing mbed/TARGET_NUCLEO_F401RE/TOOLCHAIN_ARM_STD/stm_spi_api.o(i.spi_slave_read), (28 bytes).
    Removing mbed/TARGET_NUCLEO_F401RE/TOOLCHAIN_ARM_STD/stm_spi_api.o(i.spi_slave_receive), (28 bytes).
    Removing mbed/TARGET_NUCLEO_F401RE/TOOLCHAIN_ARM_STD/stm_spi_api.o(i.spi_slave_write), (34 bytes).
    Removing mbed/TARGET_NUCLEO_F401RE/TOOLCHAIN_ARM_STD/stm_spi_api.o(.constdata), (32 bytes).
    Removing mbed/TARGET_NUCLEO_F401RE/TOOLCHAIN_ARM_STD/stm_spi_api.o(.conststring), (81 bytes).
    Removing mbed/TARGET_NUCLEO_F401RE/TOOLCHAIN_ARM_STD/system_clock.o(.rev16_text), (4 bytes).
    Removing mbed/TARGET_NUCLEO_F401RE/TOOLCHAIN_ARM_STD/system_clock.o(.revsh_text), (4 bytes).
    Removing mbed/TARGET_NUCLEO_F401RE/TOOLCHAIN_ARM_STD/system_clock.o(.rrx_text), (6 bytes).
    Removing mbed/TARGET_NUCLEO_F401RE/TOOLCHAIN_ARM_STD/system_clock.o(i.SetSysClock_PLL_HSE), (144 bytes).
    Removing mbed/TARGET_NUCLEO_F401RE/TOOLCHAIN_ARM_STD/system_clock.o(i.SetSysClock_PLL_HSI), (136 bytes).
    Removing mbed/TARGET_NUCLEO_F401RE/TOOLCHAIN_ARM_STD/system_stm32f4xx.o(.rev16_text), (4 bytes).
    Removing mbed/TARGET_NUCLEO_F401RE/TOOLCHAIN_ARM_STD/system_stm32f4xx.o(.revsh_text), (4 bytes).
    Removing mbed/TARGET_NUCLEO_F401RE/TOOLCHAIN_ARM_STD/system_stm32f4xx.o(.rrx_text), (6 bytes).
    Removing mbed/TARGET_NUCLEO_F401RE/TOOLCHAIN_ARM_STD/us_ticker.o(.rev16_text), (4 bytes).
    Removing mbed/TARGET_NUCLEO_F401RE/TOOLCHAIN_ARM_STD/us_ticker.o(.revsh_text), (4 bytes).
    Removing mbed/TARGET_NUCLEO_F401RE/TOOLCHAIN_ARM_STD/us_ticker.o(.rrx_text), (6 bytes).
    Removing mbed/TARGET_NUCLEO_F401RE/TOOLCHAIN_ARM_STD/us_ticker.o(i.restore_timer_ctx), (36 bytes).
    Removing mbed/TARGET_NUCLEO_F401RE/TOOLCHAIN_ARM_STD/us_ticker.o(i.save_timer_ctx), (36 bytes).
    Removing mbed/TARGET_NUCLEO_F401RE/TOOLCHAIN_ARM_STD/us_ticker.o(.data), (12 bytes).
    Removing .\build\main.o(.rev16_text), (4 bytes).
    Removing .\build\main.o(.revsh_text), (4 bytes).
    Removing .\build\main.o(.rrx_text), (6 bytes).
    Removing .\build\main.o(.ARM.exidx), (8 bytes).
    Removing .\build\main.o(.ARM.exidx), (8 bytes).
    Removing .\build\main.o(.ARM.exidx), (8 bytes).
    Removing .\build\main.o(.ARM.exidx), (8 bytes).
    Removing .\build\main.o(.ARM.exidx), (8 bytes).
    Removing .\build\utills.o(.rev16_text), (4 bytes).
    Removing .\build\utills.o(.revsh_text), (4 bytes).
    Removing .\build\utills.o(.rrx_text), (6 bytes).
    Removing .\build\utills.o(i._Z10blink_led1v), (28 bytes).
    Removing .\build\utills.o(i._Z10blink_led3v), (28 bytes).
    Removing .\build\utills.o(i._Z13stopBlinkled1v), (16 bytes).
    Removing .\build\utills.o(i._Z13stopBlinkled3v), (16 bytes).
    Removing .\build\utills.o(i._Z14startBlinkled1v), (40 bytes).
    Removing .\build\utills.o(i._Z14startBlinkled3v), (40 bytes).
    Removing .\build\utills.o(.ARM.exidx), (8 bytes).
    Removing .\build\utills.o(.ARM.exidx), (8 bytes).
    Removing .\build\utills.o(.ARM.exidx), (8 bytes).
    Removing .\build\utills.o(.ARM.exidx), (8 bytes).
    Removing .\build\utills.o(.ARM.exidx), (8 bytes).
    Removing .\build\utills.o(.ARM.exidx), (8 bytes).
    Removing .\build\utills.o(.ARM.exidx), (8 bytes).
    Removing .\build\utills.o(.ARM.exidx), (8 bytes).
    Removing .\build\utills.o(.ARM.exidx), (8 bytes).
    Removing .\build\utills.o(.ARM.exidx), (8 bytes).
    Removing .\build\utills.o(.ARM.exidx), (8 bytes).
    Removing .\build\utills.o(.ARM.exidx), (8 bytes).
    Removing mbed/TARGET_NUCLEO_F401RE/TOOLCHAIN_ARM_STD/mbed.ar(BusIn.o)(.rev16_text), (4 bytes).
    Removing mbed/TARGET_NUCLEO_F401RE/TOOLCHAIN_ARM_STD/mbed.ar(BusIn.o)(.revsh_text), (4 bytes).
    Removing mbed/TARGET_NUCLEO_F401RE/TOOLCHAIN_ARM_STD/mbed.ar(BusIn.o)(.rrx_text), (6 bytes).
    Removing mbed/TARGET_NUCLEO_F401RE/TOOLCHAIN_ARM_STD/mbed.ar(BusIn.o)(i._ZN4mbed5BusIn4modeE7PinMode), (62 bytes).
    Removing mbed/TARGET_NUCLEO_F401RE/TOOLCHAIN_ARM_STD/mbed.ar(BusIn.o)(i._ZN4mbed5BusIn4readEv), (58 bytes).
    Removing mbed/TARGET_NUCLEO_F401RE/TOOLCHAIN_ARM_STD/mbed.ar(BusIn.o)(i._ZN4mbed5BusInC1EP7PinName), (128 bytes).
    Removing mbed/TARGET_NUCLEO_F401RE/TOOLCHAIN_ARM_STD/mbed.ar(BusIn.o)(i._ZN4mbed5BusInD0Ev), (48 bytes).
    Removing mbed/TARGET_NUCLEO_F401RE/TOOLCHAIN_ARM_STD/mbed.ar(BusIn.o)(i._ZN4mbed5BusInixEi), (84 bytes).
    Removing mbed/TARGET_NUCLEO_F401RE/TOOLCHAIN_ARM_STD/mbed.ar(BusIn.o)(.ARM.exidx), (8 bytes).
    Removing mbed/TARGET_NUCLEO_F401RE/TOOLCHAIN_ARM_STD/mbed.ar(BusIn.o)(.ARM.exidx), (8 bytes).
    Removing mbed/TARGET_NUCLEO_F401RE/TOOLCHAIN_ARM_STD/mbed.ar(BusIn.o)(.ARM.exidx), (8 bytes).
    Removing mbed/TARGET_NUCLEO_F401RE/TOOLCHAIN_ARM_STD/mbed.ar(BusIn.o)(.ARM.exidx), (8 bytes).
    Removing mbed/TARGET_NUCLEO_F401RE/TOOLCHAIN_ARM_STD/mbed.ar(BusIn.o)(.ARM.exidx), (8 bytes).
    Removing mbed/TARGET_NUCLEO_F401RE/TOOLCHAIN_ARM_STD/mbed.ar(BusIn.o)(.ARM.exidx), (8 bytes).
    Removing mbed/TARGET_NUCLEO_F401RE/TOOLCHAIN_ARM_STD/mbed.ar(BusIn.o)(.ARM.exidx), (8 bytes).
    Removing mbed/TARGET_NUCLEO_F401RE/TOOLCHAIN_ARM_STD/mbed.ar(BusIn.o)(.ARM.exidx), (8 bytes).
    Removing mbed/TARGET_NUCLEO_F401RE/TOOLCHAIN_ARM_STD/mbed.ar(BusIn.o)(.ARM.exidx), (8 bytes).
    Removing mbed/TARGET_NUCLEO_F401RE/TOOLCHAIN_ARM_STD/mbed.ar(BusIn.o)(.ARM.exidx), (8 bytes).
    Removing mbed/TARGET_NUCLEO_F401RE/TOOLCHAIN_ARM_STD/mbed.ar(BusIn.o)(.conststring), (66 bytes).
    Removing mbed/TARGET_NUCLEO_F401RE/TOOLCHAIN_ARM_STD/mbed.ar(BusOut.o)(.rev16_text), (4 bytes).
    Removing mbed/TARGET_NUCLEO_F401RE/TOOLCHAIN_ARM_STD/mbed.ar(BusOut.o)(.revsh_text), (4 bytes).
    Removing mbed/TARGET_NUCLEO_F401RE/TOOLCHAIN_ARM_STD/mbed.ar(BusOut.o)(.rrx_text), (6 bytes).
    Removing mbed/TARGET_NUCLEO_F401RE/TOOLCHAIN_ARM_STD/mbed.ar(BusOut.o)(i._ZN4mbed6BusOut4readEv), (58 bytes).
    Removing mbed/TARGET_NUCLEO_F401RE/TOOLCHAIN_ARM_STD/mbed.ar(BusOut.o)(i._ZN4mbed6BusOut5writeEi), (66 bytes).
    Removing mbed/TARGET_NUCLEO_F401RE/TOOLCHAIN_ARM_STD/mbed.ar(BusOut.o)(i._ZN4mbed6BusOutC1EP7PinName), (128 bytes).
    Removing mbed/TARGET_NUCLEO_F401RE/TOOLCHAIN_ARM_STD/mbed.ar(BusOut.o)(i._ZN4mbed6BusOutD0Ev), (48 bytes).
    Removing mbed/TARGET_NUCLEO_F401RE/TOOLCHAIN_ARM_STD/mbed.ar(BusOut.o)(i._ZN4mbed6BusOutaSERS0_), (118 bytes).
    Removing mbed/TARGET_NUCLEO_F401RE/TOOLCHAIN_ARM_STD/mbed.ar(BusOut.o)(i._ZN4mbed6BusOutcviEv), (58 bytes).
    Removing mbed/TARGET_NUCLEO_F401RE/TOOLCHAIN_ARM_STD/mbed.ar(BusOut.o)(i._ZN4mbed6BusOutixEi), (84 bytes).
    Removing mbed/TARGET_NUCLEO_F401RE/TOOLCHAIN_ARM_STD/mbed.ar(BusOut.o)(.ARM.exidx), (8 bytes).
    Removing mbed/TARGET_NUCLEO_F401RE/TOOLCHAIN_ARM_STD/mbed.ar(BusOut.o)(.ARM.exidx), (8 bytes).
    Removing mbed/TARGET_NUCLEO_F401RE/TOOLCHAIN_ARM_STD/mbed.ar(BusOut.o)(.ARM.exidx), (8 bytes).
    Removing mbed/TARGET_NUCLEO_F401RE/TOOLCHAIN_ARM_STD/mbed.ar(BusOut.o)(.ARM.exidx), (8 bytes).
    Removing mbed/TARGET_NUCLEO_F401RE/TOOLCHAIN_ARM_STD/mbed.ar(BusOut.o)(.ARM.exidx), (8 bytes).
    Removing mbed/TARGET_NUCLEO_F401RE/TOOLCHAIN_ARM_STD/mbed.ar(BusOut.o)(.ARM.exidx), (8 bytes).
    Removing mbed/TARGET_NUCLEO_F401RE/TOOLCHAIN_ARM_STD/mbed.ar(BusOut.o)(.ARM.exidx), (8 bytes).
    Removing mbed/TARGET_NUCLEO_F401RE/TOOLCHAIN_ARM_STD/mbed.ar(BusOut.o)(.ARM.exidx), (8 bytes).
    Removing mbed/TARGET_NUCLEO_F401RE/TOOLCHAIN_ARM_STD/mbed.ar(BusOut.o)(.ARM.exidx), (8 bytes).
    Removing mbed/TARGET_NUCLEO_F401RE/TOOLCHAIN_ARM_STD/mbed.ar(BusOut.o)(.ARM.exidx), (8 bytes).
    Removing mbed/TARGET_NUCLEO_F401RE/TOOLCHAIN_ARM_STD/mbed.ar(BusOut.o)(.ARM.exidx), (8 bytes).
    Removing mbed/TARGET_NUCLEO_F401RE/TOOLCHAIN_ARM_STD/mbed.ar(BusOut.o)(.ARM.exidx), (8 bytes).
    Removing mbed/TARGET_NUCLEO_F401RE/TOOLCHAIN_ARM_STD/mbed.ar(BusOut.o)(.conststring), (67 bytes).
    Removing mbed/TARGET_NUCLEO_F401RE/TOOLCHAIN_ARM_STD/mbed.ar(Serial.o)(.rev16_text), (4 bytes).
    Removing mbed/TARGET_NUCLEO_F401RE/TOOLCHAIN_ARM_STD/mbed.ar(Serial.o)(.revsh_text), (4 bytes).
    Removing mbed/TARGET_NUCLEO_F401RE/TOOLCHAIN_ARM_STD/mbed.ar(Serial.o)(.rrx_text), (6 bytes).
    Removing mbed/TARGET_NUCLEO_F401RE/TOOLCHAIN_ARM_STD/mbed.ar(Serial.o)(i._ZN4mbed6Serial5_getcEv), (4 bytes).
    Removing mbed/TARGET_NUCLEO_F401RE/TOOLCHAIN_ARM_STD/mbed.ar(Serial.o)(i._ZN4mbed6Serial5_putcEi), (4 bytes).
    Removing mbed/TARGET_NUCLEO_F401RE/TOOLCHAIN_ARM_STD/mbed.ar(Serial.o)(i._ZN4mbed6SerialC1E7PinNameS1_i), (40 bytes).
    Removing mbed/TARGET_NUCLEO_F401RE/TOOLCHAIN_ARM_STD/mbed.ar(Serial.o)(i._ZThn176_N4mbed6Serial5_getcEv), (6 bytes).
    Removing mbed/TARGET_NUCLEO_F401RE/TOOLCHAIN_ARM_STD/mbed.ar(Serial.o)(.ARM.exidx), (8 bytes).
    Removing mbed/TARGET_NUCLEO_F401RE/TOOLCHAIN_ARM_STD/mbed.ar(Serial.o)(.ARM.exidx), (8 bytes).
    Removing mbed/TARGET_NUCLEO_F401RE/TOOLCHAIN_ARM_STD/mbed.ar(Serial.o)(.ARM.exidx), (8 bytes).
    Removing mbed/TARGET_NUCLEO_F401RE/TOOLCHAIN_ARM_STD/mbed.ar(Serial.o)(.ARM.exidx), (8 bytes).
    Removing mbed/TARGET_NUCLEO_F401RE/TOOLCHAIN_ARM_STD/mbed.ar(Serial.o)(.ARM.exidx), (8 bytes).
    Removing mbed/TARGET_NUCLEO_F401RE/TOOLCHAIN_ARM_STD/mbed.ar(Serial.o)(.ARM.exidx), (8 bytes).
    Removing mbed/TARGET_NUCLEO_F401RE/TOOLCHAIN_ARM_STD/mbed.ar(Serial.o)(.ARM.exidx), (8 bytes).
    Removing mbed/TARGET_NUCLEO_F401RE/TOOLCHAIN_ARM_STD/mbed.ar(Serial.o)(.ARM.exidx), (8 bytes).
    Removing mbed/TARGET_NUCLEO_F401RE/TOOLCHAIN_ARM_STD/mbed.ar(Serial.o)(.ARM.exidx), (8 bytes).
    Removing mbed/TARGET_NUCLEO_F401RE/TOOLCHAIN_ARM_STD/mbed.ar(Serial.o)(.ARM.exidx), (8 bytes).
    Removing mbed/TARGET_NUCLEO_F401RE/TOOLCHAIN_ARM_STD/mbed.ar(SerialBase.o)(.rev16_text), (4 bytes).
    Removing mbed/TARGET_NUCLEO_F401RE/TOOLCHAIN_ARM_STD/mbed.ar(SerialBase.o)(.revsh_text), (4 bytes).
    Removing mbed/TARGET_NUCLEO_F401RE/TOOLCHAIN_ARM_STD/mbed.ar(SerialBase.o)(.rrx_text), (6 bytes).
    Removing mbed/TARGET_NUCLEO_F401RE/TOOLCHAIN_ARM_STD/mbed.ar(SerialBase.o)(i._ZN4mbed10SerialBase10_base_getcEv), (6 bytes).
    Removing mbed/TARGET_NUCLEO_F401RE/TOOLCHAIN_ARM_STD/mbed.ar(SerialBase.o)(i._ZN4mbed10SerialBase10abort_readEv), (90 bytes).
    Removing mbed/TARGET_NUCLEO_F401RE/TOOLCHAIN_ARM_STD/mbed.ar(SerialBase.o)(i._ZN4mbed10SerialBase10send_breakEv), (60 bytes).
    Removing mbed/TARGET_NUCLEO_F401RE/TOOLCHAIN_ARM_STD/mbed.ar(SerialBase.o)(i._ZN4mbed10SerialBase10start_readEPvicRKNS_8CallbackIFviEEEih), (124 bytes).
    Removing mbed/TARGET_NUCLEO_F401RE/TOOLCHAIN_ARM_STD/mbed.ar(SerialBase.o)(i._ZN4mbed10SerialBase11abort_writeEv), (90 bytes).
    Removing mbed/TARGET_NUCLEO_F401RE/TOOLCHAIN_ARM_STD/mbed.ar(SerialBase.o)(i._ZN4mbed10SerialBase11clear_breakEv), (32 bytes).
    Removing mbed/TARGET_NUCLEO_F401RE/TOOLCHAIN_ARM_STD/mbed.ar(SerialBase.o)(i._ZN4mbed10SerialBase11start_writeEPKvicRKNS_8CallbackIFviEEEi), (120 bytes).
    Removing mbed/TARGET_NUCLEO_F401RE/TOOLCHAIN_ARM_STD/mbed.ar(SerialBase.o)(i._ZN4mbed10SerialBase16set_dma_usage_rxE8DMAUsage), (26 bytes).
    Removing mbed/TARGET_NUCLEO_F401RE/TOOLCHAIN_ARM_STD/mbed.ar(SerialBase.o)(i._ZN4mbed10SerialBase16set_dma_usage_txE8DMAUsage), (26 bytes).
    Removing mbed/TARGET_NUCLEO_F401RE/TOOLCHAIN_ARM_STD/mbed.ar(SerialBase.o)(i._ZN4mbed10SerialBase16set_flow_controlENS0_4FlowE7PinNameS2_), (94 bytes).
    Removing mbed/TARGET_NUCLEO_F401RE/TOOLCHAIN_ARM_STD/mbed.ar(SerialBase.o)(i._ZN4mbed10SerialBase4readEPhiRKNS_8CallbackIFviEEEih), (64 bytes).
    Removing mbed/TARGET_NUCLEO_F401RE/TOOLCHAIN_ARM_STD/mbed.ar(SerialBase.o)(i._ZN4mbed10SerialBase4readEPtiRKNS_8CallbackIFviEEEih), (64 bytes).
    Removing mbed/TARGET_NUCLEO_F401RE/TOOLCHAIN_ARM_STD/mbed.ar(SerialBase.o)(i._ZN4mbed10SerialBase5writeEPKhiRKNS_8CallbackIFviEEEi), (144 bytes).
    Removing mbed/TARGET_NUCLEO_F401RE/TOOLCHAIN_ARM_STD/mbed.ar(SerialBase.o)(i._ZN4mbed10SerialBase5writeEPKtiRKNS_8CallbackIFviEEEi), (144 bytes).
    Removing mbed/TARGET_NUCLEO_F401RE/TOOLCHAIN_ARM_STD/mbed.ar(SerialBase.o)(i._ZN4mbed10SerialBase6attachENS_8CallbackIFvvEEENS0_7IrqTypeE), (188 bytes).
    Removing mbed/TARGET_NUCLEO_F401RE/TOOLCHAIN_ARM_STD/mbed.ar(SerialBase.o)(i._ZN4mbed10SerialBase6formatEiNS0_6ParityEi), (48 bytes).
    Removing mbed/TARGET_NUCLEO_F401RE/TOOLCHAIN_ARM_STD/mbed.ar(SerialBase.o)(i._ZN4mbed10SerialBase8readableEv), (34 bytes).
    Removing mbed/TARGET_NUCLEO_F401RE/TOOLCHAIN_ARM_STD/mbed.ar(SerialBase.o)(i._ZN4mbed10SerialBase9set_breakEv), (32 bytes).
    Removing mbed/TARGET_NUCLEO_F401RE/TOOLCHAIN_ARM_STD/mbed.ar(SerialBase.o)(i._ZN4mbed10SerialBase9writeableEv), (34 bytes).
    Removing mbed/TARGET_NUCLEO_F401RE/TOOLCHAIN_ARM_STD/mbed.ar(SerialBase.o)(i._ZN4mbed10SerialBaseD0Ev), (14 bytes).
    Removing mbed/TARGET_NUCLEO_F401RE/TOOLCHAIN_ARM_STD/mbed.ar(SerialBase.o)(.ARM.exidx), (8 bytes).
    Removing mbed/TARGET_NUCLEO_F401RE/TOOLCHAIN_ARM_STD/mbed.ar(SerialBase.o)(.ARM.exidx), (8 bytes).
    Removing mbed/TARGET_NUCLEO_F401RE/TOOLCHAIN_ARM_STD/mbed.ar(SerialBase.o)(.ARM.exidx), (8 bytes).
    Removing mbed/TARGET_NUCLEO_F401RE/TOOLCHAIN_ARM_STD/mbed.ar(SerialBase.o)(.ARM.exidx), (8 bytes).
    Removing mbed/TARGET_NUCLEO_F401RE/TOOLCHAIN_ARM_STD/mbed.ar(SerialBase.o)(.ARM.exidx), (8 bytes).
    Removing mbed/TARGET_NUCLEO_F401RE/TOOLCHAIN_ARM_STD/mbed.ar(SerialBase.o)(.ARM.exidx), (8 bytes).
    Removing mbed/TARGET_NUCLEO_F401RE/TOOLCHAIN_ARM_STD/mbed.ar(SerialBase.o)(.ARM.exidx), (8 bytes).
    Removing mbed/TARGET_NUCLEO_F401RE/TOOLCHAIN_ARM_STD/mbed.ar(SerialBase.o)(.ARM.exidx), (8 bytes).
    Removing mbed/TARGET_NUCLEO_F401RE/TOOLCHAIN_ARM_STD/mbed.ar(SerialBase.o)(.ARM.exidx), (8 bytes).
    Removing mbed/TARGET_NUCLEO_F401RE/TOOLCHAIN_ARM_STD/mbed.ar(SerialBase.o)(.ARM.exidx), (8 bytes).
    Removing mbed/TARGET_NUCLEO_F401RE/TOOLCHAIN_ARM_STD/mbed.ar(SerialBase.o)(.ARM.exidx), (8 bytes).
    Removing mbed/TARGET_NUCLEO_F401RE/TOOLCHAIN_ARM_STD/mbed.ar(SerialBase.o)(.ARM.exidx), (8 bytes).
    Removing mbed/TARGET_NUCLEO_F401RE/TOOLCHAIN_ARM_STD/mbed.ar(SerialBase.o)(.ARM.exidx), (8 bytes).
    Removing mbed/TARGET_NUCLEO_F401RE/TOOLCHAIN_ARM_STD/mbed.ar(SerialBase.o)(.ARM.exidx), (8 bytes).
    Removing mbed/TARGET_NUCLEO_F401RE/TOOLCHAIN_ARM_STD/mbed.ar(SerialBase.o)(.ARM.exidx), (8 bytes).
    Removing mbed/TARGET_NUCLEO_F401RE/TOOLCHAIN_ARM_STD/mbed.ar(SerialBase.o)(.ARM.exidx), (8 bytes).
    Removing mbed/TARGET_NUCLEO_F401RE/TOOLCHAIN_ARM_STD/mbed.ar(SerialBase.o)(.ARM.exidx), (8 bytes).
    Removing mbed/TARGET_NUCLEO_F401RE/TOOLCHAIN_ARM_STD/mbed.ar(SerialBase.o)(.ARM.exidx), (8 bytes).
    Removing mbed/TARGET_NUCLEO_F401RE/TOOLCHAIN_ARM_STD/mbed.ar(SerialBase.o)(.ARM.exidx), (8 bytes).
    Removing mbed/TARGET_NUCLEO_F401RE/TOOLCHAIN_ARM_STD/mbed.ar(SerialBase.o)(.ARM.exidx), (8 bytes).
    Removing mbed/TARGET_NUCLEO_F401RE/TOOLCHAIN_ARM_STD/mbed.ar(SerialBase.o)(.ARM.exidx), (8 bytes).
    Removing mbed/TARGET_NUCLEO_F401RE/TOOLCHAIN_ARM_STD/mbed.ar(SerialBase.o)(.ARM.exidx), (8 bytes).
    Removing mbed/TARGET_NUCLEO_F401RE/TOOLCHAIN_ARM_STD/mbed.ar(SerialBase.o)(.ARM.exidx), (8 bytes).
    Removing mbed/TARGET_NUCLEO_F401RE/TOOLCHAIN_ARM_STD/mbed.ar(SerialBase.o)(.ARM.exidx), (8 bytes).
    Removing mbed/TARGET_NUCLEO_F401RE/TOOLCHAIN_ARM_STD/mbed.ar(SerialBase.o)(.ARM.exidx), (8 bytes).
    Removing mbed/TARGET_NUCLEO_F401RE/TOOLCHAIN_ARM_STD/mbed.ar(SerialBase.o)(.ARM.exidx), (8 bytes).
    Removing mbed/TARGET_NUCLEO_F401RE/TOOLCHAIN_ARM_STD/mbed.ar(SerialBase.o)(.ARM.exidx), (8 bytes).
    Removing mbed/TARGET_NUCLEO_F401RE/TOOLCHAIN_ARM_STD/mbed.ar(SerialBase.o)(.ARM.exidx), (8 bytes).
    Removing mbed/TARGET_NUCLEO_F401RE/TOOLCHAIN_ARM_STD/mbed.ar(SerialBase.o)(.ARM.exidx), (8 bytes).
    Removing mbed/TARGET_NUCLEO_F401RE/TOOLCHAIN_ARM_STD/mbed.ar(Ticker.o)(.rev16_text), (4 bytes).
    Removing mbed/TARGET_NUCLEO_F401RE/TOOLCHAIN_ARM_STD/mbed.ar(Ticker.o)(.revsh_text), (4 bytes).
    Removing mbed/TARGET_NUCLEO_F401RE/TOOLCHAIN_ARM_STD/mbed.ar(Ticker.o)(.rrx_text), (6 bytes).
    Removing mbed/TARGET_NUCLEO_F401RE/TOOLCHAIN_ARM_STD/mbed.ar(Ticker.o)(i._ZN4mbed6Ticker5setupEy), (50 bytes).
    Removing mbed/TARGET_NUCLEO_F401RE/TOOLCHAIN_ARM_STD/mbed.ar(Ticker.o)(i._ZN4mbed6Ticker6detachEv), (100 bytes).
    Removing mbed/TARGET_NUCLEO_F401RE/TOOLCHAIN_ARM_STD/mbed.ar(Ticker.o)(i._ZN4mbed6Ticker9attach_usENS_8CallbackIFvvEEEy), (116 bytes).
    Removing mbed/TARGET_NUCLEO_F401RE/TOOLCHAIN_ARM_STD/mbed.ar(Ticker.o)(.ARM.exidx), (8 bytes).
    Removing mbed/TARGET_NUCLEO_F401RE/TOOLCHAIN_ARM_STD/mbed.ar(Ticker.o)(.ARM.exidx), (8 bytes).
    Removing mbed/TARGET_NUCLEO_F401RE/TOOLCHAIN_ARM_STD/mbed.ar(Ticker.o)(.ARM.exidx), (8 bytes).
    Removing mbed/TARGET_NUCLEO_F401RE/TOOLCHAIN_ARM_STD/mbed.ar(Ticker.o)(.ARM.exidx), (8 bytes).
    Removing mbed/TARGET_NUCLEO_F401RE/TOOLCHAIN_ARM_STD/mbed.ar(Timer.o)(.rev16_text), (4 bytes).
    Removing mbed/TARGET_NUCLEO_F401RE/TOOLCHAIN_ARM_STD/mbed.ar(Timer.o)(.revsh_text), (4 bytes).
    Removing mbed/TARGET_NUCLEO_F401RE/TOOLCHAIN_ARM_STD/mbed.ar(Timer.o)(.rrx_text), (6 bytes).
    Removing mbed/TARGET_NUCLEO_F401RE/TOOLCHAIN_ARM_STD/mbed.ar(Timer.o)(i._ZN4mbed5Timer23read_high_resolution_usEv), (58 bytes).
    Removing mbed/TARGET_NUCLEO_F401RE/TOOLCHAIN_ARM_STD/mbed.ar(Timer.o)(i._ZN4mbed5Timer4stopEv), (80 bytes).
    Removing mbed/TARGET_NUCLEO_F401RE/TOOLCHAIN_ARM_STD/mbed.ar(Timer.o)(i._ZN4mbed5Timer7read_msEv), (68 bytes).
    Removing mbed/TARGET_NUCLEO_F401RE/TOOLCHAIN_ARM_STD/mbed.ar(Timer.o)(i._ZN4mbed5Timer7read_usEv), (44 bytes).
    Removing mbed/TARGET_NUCLEO_F401RE/TOOLCHAIN_ARM_STD/mbed.ar(Timer.o)(i._ZN4mbed5Timer9slicetimeEv), (42 bytes).
    Removing mbed/TARGET_NUCLEO_F401RE/TOOLCHAIN_ARM_STD/mbed.ar(Timer.o)(i._ZN4mbed5TimerC1EPK13ticker_data_t), (66 bytes).
    Removing mbed/TARGET_NUCLEO_F401RE/TOOLCHAIN_ARM_STD/mbed.ar(Timer.o)(i._ZN4mbed5TimercvfEv), (80 bytes).
    Removing mbed/TARGET_NUCLEO_F401RE/TOOLCHAIN_ARM_STD/mbed.ar(Timer.o)(.ARM.exidx), (8 bytes).
    Removing mbed/TARGET_NUCLEO_F401RE/TOOLCHAIN_ARM_STD/mbed.ar(Timer.o)(.ARM.exidx), (8 bytes).
    Removing mbed/TARGET_NUCLEO_F401RE/TOOLCHAIN_ARM_STD/mbed.ar(Timer.o)(.ARM.exidx), (8 bytes).
    Removing mbed/TARGET_NUCLEO_F401RE/TOOLCHAIN_ARM_STD/mbed.ar(Timer.o)(.ARM.exidx), (8 bytes).
    Removing mbed/TARGET_NUCLEO_F401RE/TOOLCHAIN_ARM_STD/mbed.ar(Timer.o)(.ARM.exidx), (8 bytes).
    Removing mbed/TARGET_NUCLEO_F401RE/TOOLCHAIN_ARM_STD/mbed.ar(Timer.o)(.ARM.exidx), (8 bytes).
    Removing mbed/TARGET_NUCLEO_F401RE/TOOLCHAIN_ARM_STD/mbed.ar(Timer.o)(.ARM.exidx), (8 bytes).
    Removing mbed/TARGET_NUCLEO_F401RE/TOOLCHAIN_ARM_STD/mbed.ar(Timer.o)(.ARM.exidx), (8 bytes).
    Removing mbed/TARGET_NUCLEO_F401RE/TOOLCHAIN_ARM_STD/mbed.ar(Timer.o)(.ARM.exidx), (8 bytes).
    Removing mbed/TARGET_NUCLEO_F401RE/TOOLCHAIN_ARM_STD/mbed.ar(Timer.o)(.ARM.exidx), (8 bytes).
    Removing mbed/TARGET_NUCLEO_F401RE/TOOLCHAIN_ARM_STD/mbed.ar(Timer.o)(.ARM.exidx), (8 bytes).
    Removing mbed/TARGET_NUCLEO_F401RE/TOOLCHAIN_ARM_STD/mbed.ar(Timer.o)(.ARM.exidx), (8 bytes).
    Removing mbed/TARGET_NUCLEO_F401RE/TOOLCHAIN_ARM_STD/mbed.ar(TimerEvent.o)(.rev16_text), (4 bytes).
    Removing mbed/TARGET_NUCLEO_F401RE/TOOLCHAIN_ARM_STD/mbed.ar(TimerEvent.o)(.revsh_text), (4 bytes).
    Removing mbed/TARGET_NUCLEO_F401RE/TOOLCHAIN_ARM_STD/mbed.ar(TimerEvent.o)(.rrx_text), (6 bytes).
    Removing mbed/TARGET_NUCLEO_F401RE/TOOLCHAIN_ARM_STD/mbed.ar(TimerEvent.o)(i._ZN4mbed10TimerEvent6insertEj), (18 bytes).
    Removing mbed/TARGET_NUCLEO_F401RE/TOOLCHAIN_ARM_STD/mbed.ar(TimerEvent.o)(i._ZN4mbed10TimerEventC2EPK13ticker_data_t), (40 bytes).
    Removing mbed/TARGET_NUCLEO_F401RE/TOOLCHAIN_ARM_STD/mbed.ar(TimerEvent.o)(i._ZN4mbed10TimerEventD0Ev), (32 bytes).
    Removing mbed/TARGET_NUCLEO_F401RE/TOOLCHAIN_ARM_STD/mbed.ar(TimerEvent.o)(.ARM.exidx), (8 bytes).
    Removing mbed/TARGET_NUCLEO_F401RE/TOOLCHAIN_ARM_STD/mbed.ar(TimerEvent.o)(.ARM.exidx), (8 bytes).
    Removing mbed/TARGET_NUCLEO_F401RE/TOOLCHAIN_ARM_STD/mbed.ar(TimerEvent.o)(.ARM.exidx), (8 bytes).
    Removing mbed/TARGET_NUCLEO_F401RE/TOOLCHAIN_ARM_STD/mbed.ar(TimerEvent.o)(.ARM.exidx), (8 bytes).
    Removing mbed/TARGET_NUCLEO_F401RE/TOOLCHAIN_ARM_STD/mbed.ar(TimerEvent.o)(.ARM.exidx), (8 bytes).
    Removing mbed/TARGET_NUCLEO_F401RE/TOOLCHAIN_ARM_STD/mbed.ar(TimerEvent.o)(.ARM.exidx), (8 bytes).
    Removing mbed/TARGET_NUCLEO_F401RE/TOOLCHAIN_ARM_STD/mbed.ar(TimerEvent.o)(.ARM.exidx), (8 bytes).
    Removing mbed/TARGET_NUCLEO_F401RE/TOOLCHAIN_ARM_STD/mbed.ar(TimerEvent.o)(.ARM.exidx), (8 bytes).
    Removing mbed/TARGET_NUCLEO_F401RE/TOOLCHAIN_ARM_STD/mbed.ar(mbed_gpio.o)(.rev16_text), (4 bytes).
    Removing mbed/TARGET_NUCLEO_F401RE/TOOLCHAIN_ARM_STD/mbed.ar(mbed_gpio.o)(.revsh_text), (4 bytes).
    Removing mbed/TARGET_NUCLEO_F401RE/TOOLCHAIN_ARM_STD/mbed.ar(mbed_gpio.o)(.rrx_text), (6 bytes).
    Removing mbed/TARGET_NUCLEO_F401RE/TOOLCHAIN_ARM_STD/mbed.ar(mbed_gpio.o)(i.gpio_init_in_ex), (40 bytes).
    Removing mbed/TARGET_NUCLEO_F401RE/TOOLCHAIN_ARM_STD/mbed.ar(mbed_gpio.o)(i.gpio_init_inout), (118 bytes).
    Removing mbed/TARGET_NUCLEO_F401RE/TOOLCHAIN_ARM_STD/mbed.ar(mbed_gpio.o)(i.gpio_init_out_ex), (64 bytes).
    Removing mbed/TARGET_NUCLEO_F401RE/TOOLCHAIN_ARM_STD/mbed.ar(mbed_lp_ticker_api.o)(.rev16_text), (4 bytes).
    Removing mbed/TARGET_NUCLEO_F401RE/TOOLCHAIN_ARM_STD/mbed.ar(mbed_lp_ticker_api.o)(.revsh_text), (4 bytes).
    Removing mbed/TARGET_NUCLEO_F401RE/TOOLCHAIN_ARM_STD/mbed.ar(mbed_lp_ticker_api.o)(.rrx_text), (6 bytes).
    Removing mbed/TARGET_NUCLEO_F401RE/TOOLCHAIN_ARM_STD/mbed.ar(mbed_lp_ticker_api.o)(i.get_lp_ticker_data), (12 bytes).
    Removing mbed/TARGET_NUCLEO_F401RE/TOOLCHAIN_ARM_STD/mbed.ar(mbed_lp_ticker_api.o)(i.lp_ticker_irq_handler), (12 bytes).
    Removing mbed/TARGET_NUCLEO_F401RE/TOOLCHAIN_ARM_STD/mbed.ar(mbed_lp_ticker_api.o)(i.set_lp_ticker_irq_handler), (16 bytes).
    Removing mbed/TARGET_NUCLEO_F401RE/TOOLCHAIN_ARM_STD/mbed.ar(mbed_lp_ticker_api.o)(.bss), (64 bytes).
    Removing mbed/TARGET_NUCLEO_F401RE/TOOLCHAIN_ARM_STD/mbed.ar(mbed_lp_ticker_api.o)(.constdata), (32 bytes).
    Removing mbed/TARGET_NUCLEO_F401RE/TOOLCHAIN_ARM_STD/mbed.ar(mbed_lp_ticker_api.o)(.constdata), (8 bytes).
    Removing mbed/TARGET_NUCLEO_F401RE/TOOLCHAIN_ARM_STD/mbed.ar(mbed_lp_ticker_api.o)(.data), (4 bytes).
    Removing mbed/TARGET_NUCLEO_F401RE/TOOLCHAIN_ARM_STD/mbed.ar(mbed_pinmap_common.o)(.rev16_text), (4 bytes).
    Removing mbed/TARGET_NUCLEO_F401RE/TOOLCHAIN_ARM_STD/mbed.ar(mbed_pinmap_common.o)(.revsh_text), (4 bytes).
    Removing mbed/TARGET_NUCLEO_F401RE/TOOLCHAIN_ARM_STD/mbed.ar(mbed_pinmap_common.o)(.rrx_text), (6 bytes).
    Removing mbed/TARGET_NUCLEO_F401RE/TOOLCHAIN_ARM_STD/mbed.ar(mbed_pinmap_common.o)(i.pinmap_find_function), (40 bytes).
    Removing mbed/TARGET_NUCLEO_F401RE/TOOLCHAIN_ARM_STD/mbed.ar(mbed_pinmap_common.o)(i.pinmap_find_peripheral), (40 bytes).
    Removing mbed/TARGET_NUCLEO_F401RE/TOOLCHAIN_ARM_STD/mbed.ar(mbed_pinmap_common.o)(i.pinmap_function), (108 bytes).
    Removing mbed/TARGET_NUCLEO_F401RE/TOOLCHAIN_ARM_STD/mbed.ar(mbed_ticker_api.o)(.rev16_text), (4 bytes).
    Removing mbed/TARGET_NUCLEO_F401RE/TOOLCHAIN_ARM_STD/mbed.ar(mbed_ticker_api.o)(.revsh_text), (4 bytes).
    Removing mbed/TARGET_NUCLEO_F401RE/TOOLCHAIN_ARM_STD/mbed.ar(mbed_ticker_api.o)(.rrx_text), (6 bytes).
    Removing mbed/TARGET_NUCLEO_F401RE/TOOLCHAIN_ARM_STD/mbed.ar(mbed_ticker_api.o)(i._ticker_match_interval_passed), (30 bytes).
    Removing mbed/TARGET_NUCLEO_F401RE/TOOLCHAIN_ARM_STD/mbed.ar(mbed_ticker_api.o)(i.ticker_get_next_timestamp), (32 bytes).
    Removing mbed/TARGET_NUCLEO_F401RE/TOOLCHAIN_ARM_STD/mbed.ar(mbed_ticker_api.o)(i.ticker_insert_event), (132 bytes).
    Removing mbed/TARGET_NUCLEO_F401RE/TOOLCHAIN_ARM_STD/mbed.ar(mbed_ticker_api.o)(i.ticker_resume), (62 bytes).
    Removing mbed/TARGET_NUCLEO_F401RE/TOOLCHAIN_ARM_STD/mbed.ar(mbed_ticker_api.o)(i.ticker_suspend), (24 bytes).
    Removing mbed/TARGET_NUCLEO_F401RE/TOOLCHAIN_ARM_STD/mbed.ar(mbed_us_ticker_api.o)(.rev16_text), (4 bytes).
    Removing mbed/TARGET_NUCLEO_F401RE/TOOLCHAIN_ARM_STD/mbed.ar(mbed_us_ticker_api.o)(.revsh_text), (4 bytes).
    Removing mbed/TARGET_NUCLEO_F401RE/TOOLCHAIN_ARM_STD/mbed.ar(mbed_us_ticker_api.o)(.rrx_text), (6 bytes).
    Removing mbed/TARGET_NUCLEO_F401RE/TOOLCHAIN_ARM_STD/mbed.ar(mbed_us_ticker_api.o)(i.set_us_ticker_irq_handler), (16 bytes).
    Removing mbed/TARGET_NUCLEO_F401RE/TOOLCHAIN_ARM_STD/mbed.ar(FileHandle.o)(.rev16_text), (4 bytes).
    Removing mbed/TARGET_NUCLEO_F401RE/TOOLCHAIN_ARM_STD/mbed.ar(FileHandle.o)(.revsh_text), (4 bytes).
    Removing mbed/TARGET_NUCLEO_F401RE/TOOLCHAIN_ARM_STD/mbed.ar(FileHandle.o)(.rrx_text), (6 bytes).
    Removing mbed/TARGET_NUCLEO_F401RE/TOOLCHAIN_ARM_STD/mbed.ar(FileHandle.o)(.ARM.exidx), (8 bytes).
    Removing mbed/TARGET_NUCLEO_F401RE/TOOLCHAIN_ARM_STD/mbed.ar(FilePath.o)(.rev16_text), (4 bytes).
    Removing mbed/TARGET_NUCLEO_F401RE/TOOLCHAIN_ARM_STD/mbed.ar(FilePath.o)(.revsh_text), (4 bytes).
    Removing mbed/TARGET_NUCLEO_F401RE/TOOLCHAIN_ARM_STD/mbed.ar(FilePath.o)(.rrx_text), (6 bytes).
    Removing mbed/TARGET_NUCLEO_F401RE/TOOLCHAIN_ARM_STD/mbed.ar(FilePath.o)(i._ZN4mbed8FilePath12isFileSystemEv), (22 bytes).
    Removing mbed/TARGET_NUCLEO_F401RE/TOOLCHAIN_ARM_STD/mbed.ar(FilePath.o)(.ARM.exidx), (8 bytes).
    Removing mbed/TARGET_NUCLEO_F401RE/TOOLCHAIN_ARM_STD/mbed.ar(FilePath.o)(.ARM.exidx), (8 bytes).
    Removing mbed/TARGET_NUCLEO_F401RE/TOOLCHAIN_ARM_STD/mbed.ar(FilePath.o)(.ARM.exidx), (8 bytes).
    Removing mbed/TARGET_NUCLEO_F401RE/TOOLCHAIN_ARM_STD/mbed.ar(FilePath.o)(.ARM.exidx), (8 bytes).
    Removing mbed/TARGET_NUCLEO_F401RE/TOOLCHAIN_ARM_STD/mbed.ar(FilePath.o)(.ARM.exidx), (8 bytes).
    Removing mbed/TARGET_NUCLEO_F401RE/TOOLCHAIN_ARM_STD/mbed.ar(FilePath.o)(.ARM.exidx), (8 bytes).
    Removing mbed/TARGET_NUCLEO_F401RE/TOOLCHAIN_ARM_STD/mbed.ar(FilePath.o)(.ARM.exidx), (8 bytes).
    Removing mbed/TARGET_NUCLEO_F401RE/TOOLCHAIN_ARM_STD/mbed.ar(Stream.o)(.rev16_text), (4 bytes).
    Removing mbed/TARGET_NUCLEO_F401RE/TOOLCHAIN_ARM_STD/mbed.ar(Stream.o)(.revsh_text), (4 bytes).
    Removing mbed/TARGET_NUCLEO_F401RE/TOOLCHAIN_ARM_STD/mbed.ar(Stream.o)(.rrx_text), (6 bytes).
    Removing mbed/TARGET_NUCLEO_F401RE/TOOLCHAIN_ARM_STD/mbed.ar(Stream.o)(i._ZN4mbed6Stream4getcEv), (38 bytes).
    Removing mbed/TARGET_NUCLEO_F401RE/TOOLCHAIN_ARM_STD/mbed.ar(Stream.o)(i._ZN4mbed6Stream4getsEPci), (46 bytes).
    Removing mbed/TARGET_NUCLEO_F401RE/TOOLCHAIN_ARM_STD/mbed.ar(Stream.o)(i._ZN4mbed6Stream4putcEi), (46 bytes).
    Removing mbed/TARGET_NUCLEO_F401RE/TOOLCHAIN_ARM_STD/mbed.ar(Stream.o)(i._ZN4mbed6Stream4putsEPKc), (46 bytes).
    Removing mbed/TARGET_NUCLEO_F401RE/TOOLCHAIN_ARM_STD/mbed.ar(Stream.o)(i._ZN4mbed6Stream4readEPvj), (60 bytes).
    Removing mbed/TARGET_NUCLEO_F401RE/TOOLCHAIN_ARM_STD/mbed.ar(Stream.o)(i._ZN4mbed6Stream4tellEv), (4 bytes).
    Removing mbed/TARGET_NUCLEO_F401RE/TOOLCHAIN_ARM_STD/mbed.ar(Stream.o)(i._ZN4mbed6Stream5scanfEPKcz), (50 bytes).
    Removing mbed/TARGET_NUCLEO_F401RE/TOOLCHAIN_ARM_STD/mbed.ar(Stream.o)(i._ZN4mbed6Stream6printfEPKcz), (54 bytes).
    Removing mbed/TARGET_NUCLEO_F401RE/TOOLCHAIN_ARM_STD/mbed.ar(Stream.o)(i._ZN4mbed6Stream6rewindEv), (2 bytes).
    Removing mbed/TARGET_NUCLEO_F401RE/TOOLCHAIN_ARM_STD/mbed.ar(Stream.o)(i._ZN4mbed6Stream6vscanfEPKcSt9__va_list), (46 bytes).
    Removing mbed/TARGET_NUCLEO_F401RE/TOOLCHAIN_ARM_STD/mbed.ar(Stream.o)(i._ZN4mbed6Stream7vprintfEPKcSt9__va_list), (50 bytes).
    Removing mbed/TARGET_NUCLEO_F401RE/TOOLCHAIN_ARM_STD/mbed.ar(Stream.o)(i._ZN4mbed6StreamD0Ev), (40 bytes).
    Removing mbed/TARGET_NUCLEO_F401RE/TOOLCHAIN_ARM_STD/mbed.ar(Stream.o)(i._ZThn4_N4mbed6StreamD0Ev), (40 bytes).
    Removing mbed/TARGET_NUCLEO_F401RE/TOOLCHAIN_ARM_STD/mbed.ar(Stream.o)(i._ZThn4_N4mbed6StreamD1Ev), (32 bytes).
    Removing mbed/TARGET_NUCLEO_F401RE/TOOLCHAIN_ARM_STD/mbed.ar(Stream.o)(.ARM.exidx), (8 bytes).
    Removing mbed/TARGET_NUCLEO_F401RE/TOOLCHAIN_ARM_STD/mbed.ar(Stream.o)(.ARM.exidx), (8 bytes).
    Removing mbed/TARGET_NUCLEO_F401RE/TOOLCHAIN_ARM_STD/mbed.ar(Stream.o)(.ARM.exidx), (8 bytes).
    Removing mbed/TARGET_NUCLEO_F401RE/TOOLCHAIN_ARM_STD/mbed.ar(Stream.o)(.ARM.exidx), (8 bytes).
    Removing mbed/TARGET_NUCLEO_F401RE/TOOLCHAIN_ARM_STD/mbed.ar(Stream.o)(.ARM.exidx), (8 bytes).
    Removing mbed/TARGET_NUCLEO_F401RE/TOOLCHAIN_ARM_STD/mbed.ar(Stream.o)(.ARM.exidx), (8 bytes).
    Removing mbed/TARGET_NUCLEO_F401RE/TOOLCHAIN_ARM_STD/mbed.ar(Stream.o)(.ARM.exidx), (8 bytes).
    Removing mbed/TARGET_NUCLEO_F401RE/TOOLCHAIN_ARM_STD/mbed.ar(Stream.o)(.ARM.exidx), (8 bytes).
    Removing mbed/TARGET_NUCLEO_F401RE/TOOLCHAIN_ARM_STD/mbed.ar(Stream.o)(.ARM.exidx), (8 bytes).
    Removing mbed/TARGET_NUCLEO_F401RE/TOOLCHAIN_ARM_STD/mbed.ar(Stream.o)(.ARM.exidx), (8 bytes).
    Removing mbed/TARGET_NUCLEO_F401RE/TOOLCHAIN_ARM_STD/mbed.ar(Stream.o)(.ARM.exidx), (8 bytes).
    Removing mbed/TARGET_NUCLEO_F401RE/TOOLCHAIN_ARM_STD/mbed.ar(Stream.o)(.ARM.exidx), (8 bytes).
    Removing mbed/TARGET_NUCLEO_F401RE/TOOLCHAIN_ARM_STD/mbed.ar(Stream.o)(.ARM.exidx), (8 bytes).
    Removing mbed/TARGET_NUCLEO_F401RE/TOOLCHAIN_ARM_STD/mbed.ar(Stream.o)(.ARM.exidx), (8 bytes).
    Removing mbed/TARGET_NUCLEO_F401RE/TOOLCHAIN_ARM_STD/mbed.ar(Stream.o)(.ARM.exidx), (8 bytes).
    Removing mbed/TARGET_NUCLEO_F401RE/TOOLCHAIN_ARM_STD/mbed.ar(Stream.o)(.ARM.exidx), (8 bytes).
    Removing mbed/TARGET_NUCLEO_F401RE/TOOLCHAIN_ARM_STD/mbed.ar(Stream.o)(.ARM.exidx), (8 bytes).
    Removing mbed/TARGET_NUCLEO_F401RE/TOOLCHAIN_ARM_STD/mbed.ar(Stream.o)(.ARM.exidx), (8 bytes).
    Removing mbed/TARGET_NUCLEO_F401RE/TOOLCHAIN_ARM_STD/mbed.ar(Stream.o)(.ARM.exidx), (8 bytes).
    Removing mbed/TARGET_NUCLEO_F401RE/TOOLCHAIN_ARM_STD/mbed.ar(Stream.o)(.ARM.exidx), (8 bytes).
    Removing mbed/TARGET_NUCLEO_F401RE/TOOLCHAIN_ARM_STD/mbed.ar(Stream.o)(.ARM.exidx), (8 bytes).
    Removing mbed/TARGET_NUCLEO_F401RE/TOOLCHAIN_ARM_STD/mbed.ar(Stream.o)(.ARM.exidx), (8 bytes).
    Removing mbed/TARGET_NUCLEO_F401RE/TOOLCHAIN_ARM_STD/mbed.ar(mbed_critical.o)(.rev16_text), (4 bytes).
    Removing mbed/TARGET_NUCLEO_F401RE/TOOLCHAIN_ARM_STD/mbed.ar(mbed_critical.o)(.revsh_text), (4 bytes).
    Removing mbed/TARGET_NUCLEO_F401RE/TOOLCHAIN_ARM_STD/mbed.ar(mbed_critical.o)(.rrx_text), (6 bytes).
    Removing mbed/TARGET_NUCLEO_F401RE/TOOLCHAIN_ARM_STD/mbed.ar(mbed_critical.o)(i.core_util_atomic_cas_ptr), (34 bytes).
    Removing mbed/TARGET_NUCLEO_F401RE/TOOLCHAIN_ARM_STD/mbed.ar(mbed_critical.o)(i.core_util_atomic_cas_u16), (34 bytes).
    Removing mbed/TARGET_NUCLEO_F401RE/TOOLCHAIN_ARM_STD/mbed.ar(mbed_critical.o)(i.core_util_atomic_cas_u32), (34 bytes).
    Removing mbed/TARGET_NUCLEO_F401RE/TOOLCHAIN_ARM_STD/mbed.ar(mbed_critical.o)(i.core_util_atomic_cas_u8), (34 bytes).
    Removing mbed/TARGET_NUCLEO_F401RE/TOOLCHAIN_ARM_STD/mbed.ar(mbed_critical.o)(i.core_util_atomic_decr_ptr), (18 bytes).
    Removing mbed/TARGET_NUCLEO_F401RE/TOOLCHAIN_ARM_STD/mbed.ar(mbed_critical.o)(i.core_util_atomic_decr_u32), (18 bytes).
    Removing mbed/TARGET_NUCLEO_F401RE/TOOLCHAIN_ARM_STD/mbed.ar(mbed_critical.o)(i.core_util_atomic_decr_u8), (20 bytes).
    Removing mbed/TARGET_NUCLEO_F401RE/TOOLCHAIN_ARM_STD/mbed.ar(mbed_critical.o)(i.core_util_atomic_flag_clear), (6 bytes).
    Removing mbed/TARGET_NUCLEO_F401RE/TOOLCHAIN_ARM_STD/mbed.ar(mbed_critical.o)(i.core_util_atomic_incr_ptr), (18 bytes).
    Removing mbed/TARGET_NUCLEO_F401RE/TOOLCHAIN_ARM_STD/mbed.ar(mbed_critical.o)(i.core_util_atomic_incr_u32), (18 bytes).
    Removing mbed/TARGET_NUCLEO_F401RE/TOOLCHAIN_ARM_STD/mbed.ar(mbed_critical.o)(i.core_util_atomic_incr_u8), (20 bytes).
    Removing mbed/TARGET_NUCLEO_F401RE/TOOLCHAIN_ARM_STD/mbed.ar(mbed_critical.o)(i.core_util_in_critical_section), (4 bytes).
    Removing mbed/TARGET_NUCLEO_F401RE/TOOLCHAIN_ARM_STD/mbed.ar(mbed_error.o)(.rev16_text), (4 bytes).
    Removing mbed/TARGET_NUCLEO_F401RE/TOOLCHAIN_ARM_STD/mbed.ar(mbed_error.o)(.revsh_text), (4 bytes).
    Removing mbed/TARGET_NUCLEO_F401RE/TOOLCHAIN_ARM_STD/mbed.ar(mbed_error.o)(.rrx_text), (6 bytes).
    Removing mbed/TARGET_NUCLEO_F401RE/TOOLCHAIN_ARM_STD/mbed.ar(mbed_error.o)(i.mbed_clear_all_errors), (56 bytes).
    Removing mbed/TARGET_NUCLEO_F401RE/TOOLCHAIN_ARM_STD/mbed.ar(mbed_error.o)(i.mbed_error_initialize), (4 bytes).
    Removing mbed/TARGET_NUCLEO_F401RE/TOOLCHAIN_ARM_STD/mbed.ar(mbed_error.o)(i.mbed_error_reboot_callback), (2 bytes).
    Removing mbed/TARGET_NUCLEO_F401RE/TOOLCHAIN_ARM_STD/mbed.ar(mbed_error.o)(i.mbed_get_error_count), (12 bytes).
    Removing mbed/TARGET_NUCLEO_F401RE/TOOLCHAIN_ARM_STD/mbed.ar(mbed_error.o)(i.mbed_get_first_error), (12 bytes).
    Removing mbed/TARGET_NUCLEO_F401RE/TOOLCHAIN_ARM_STD/mbed.ar(mbed_error.o)(i.mbed_get_first_error_info), (36 bytes).
    Removing mbed/TARGET_NUCLEO_F401RE/TOOLCHAIN_ARM_STD/mbed.ar(mbed_error.o)(i.mbed_get_last_error), (12 bytes).
    Removing mbed/TARGET_NUCLEO_F401RE/TOOLCHAIN_ARM_STD/mbed.ar(mbed_error.o)(i.mbed_get_last_error_info), (36 bytes).
    Removing mbed/TARGET_NUCLEO_F401RE/TOOLCHAIN_ARM_STD/mbed.ar(mbed_error.o)(i.mbed_get_reboot_error_info), (8 bytes).
    Removing mbed/TARGET_NUCLEO_F401RE/TOOLCHAIN_ARM_STD/mbed.ar(mbed_error.o)(i.mbed_make_error), (68 bytes).
    Removing mbed/TARGET_NUCLEO_F401RE/TOOLCHAIN_ARM_STD/mbed.ar(mbed_error.o)(i.mbed_reset_reboot_count), (8 bytes).
    Removing mbed/TARGET_NUCLEO_F401RE/TOOLCHAIN_ARM_STD/mbed.ar(mbed_error.o)(i.mbed_reset_reboot_error_info), (4 bytes).
    Removing mbed/TARGET_NUCLEO_F401RE/TOOLCHAIN_ARM_STD/mbed.ar(mbed_error.o)(i.mbed_set_error_hook), (24 bytes).
    Removing mbed/TARGET_NUCLEO_F401RE/TOOLCHAIN_ARM_STD/mbed.ar(mbed_error.o)(i.mbed_warning), (20 bytes).
    Removing mbed/TARGET_NUCLEO_F401RE/TOOLCHAIN_ARM_STD/mbed.ar(mbed_mktime.o)(i._rtc_is_leap_year), (32 bytes).
    Removing mbed/TARGET_NUCLEO_F401RE/TOOLCHAIN_ARM_STD/mbed.ar(mbed_mktime.o)(i._rtc_localtime), (300 bytes).
    Removing mbed/TARGET_NUCLEO_F401RE/TOOLCHAIN_ARM_STD/mbed.ar(mbed_mktime.o)(i._rtc_maketime), (228 bytes).
    Removing mbed/TARGET_NUCLEO_F401RE/TOOLCHAIN_ARM_STD/mbed.ar(mbed_mktime.o)(.constdata), (96 bytes).
    Removing mbed/TARGET_NUCLEO_F401RE/TOOLCHAIN_ARM_STD/mbed.ar(mbed_poll.o)(.rev16_text), (4 bytes).
    Removing mbed/TARGET_NUCLEO_F401RE/TOOLCHAIN_ARM_STD/mbed.ar(mbed_poll.o)(.revsh_text), (4 bytes).
    Removing mbed/TARGET_NUCLEO_F401RE/TOOLCHAIN_ARM_STD/mbed.ar(mbed_poll.o)(.rrx_text), (6 bytes).
    Removing mbed/TARGET_NUCLEO_F401RE/TOOLCHAIN_ARM_STD/mbed.ar(mbed_poll.o)(i._ZN4mbed4pollEPNS_6pollfhEji), (132 bytes).
    Removing mbed/TARGET_NUCLEO_F401RE/TOOLCHAIN_ARM_STD/mbed.ar(mbed_poll.o)(.ARM.exidx), (8 bytes).
    Removing mbed/TARGET_NUCLEO_F401RE/TOOLCHAIN_ARM_STD/mbed.ar(mbed_wait_api_no_rtos.o)(.rev16_text), (4 bytes).
    Removing mbed/TARGET_NUCLEO_F401RE/TOOLCHAIN_ARM_STD/mbed.ar(mbed_wait_api_no_rtos.o)(.revsh_text), (4 bytes).
    Removing mbed/TARGET_NUCLEO_F401RE/TOOLCHAIN_ARM_STD/mbed.ar(mbed_wait_api_no_rtos.o)(.rrx_text), (6 bytes).
    Removing mbed/TARGET_NUCLEO_F401RE/TOOLCHAIN_ARM_STD/mbed.ar(mbed_wait_api_no_rtos.o)(i.wait_ms), (36 bytes).
    Removing mbed/TARGET_NUCLEO_F401RE/TOOLCHAIN_ARM_STD/mbed.ar(mbed_critical_section_api.o)(.rev16_text), (4 bytes).
    Removing mbed/TARGET_NUCLEO_F401RE/TOOLCHAIN_ARM_STD/mbed.ar(mbed_critical_section_api.o)(.revsh_text), (4 bytes).
    Removing mbed/TARGET_NUCLEO_F401RE/TOOLCHAIN_ARM_STD/mbed.ar(mbed_critical_section_api.o)(.rrx_text), (6 bytes).
    Removing mbed/TARGET_NUCLEO_F401RE/TOOLCHAIN_ARM_STD/mbed.ar(mbed_critical_section_api.o)(i.hal_in_critical_section), (12 bytes).
    Removing mbed/TARGET_NUCLEO_F401RE/TOOLCHAIN_ARM_STD/mbed.ar(mbed_lp_ticker_wrapper.o)(.rev16_text), (4 bytes).
    Removing mbed/TARGET_NUCLEO_F401RE/TOOLCHAIN_ARM_STD/mbed.ar(mbed_lp_ticker_wrapper.o)(.revsh_text), (4 bytes).
    Removing mbed/TARGET_NUCLEO_F401RE/TOOLCHAIN_ARM_STD/mbed.ar(mbed_lp_ticker_wrapper.o)(.rrx_text), (6 bytes).
    Removing mbed/TARGET_NUCLEO_F401RE/TOOLCHAIN_ARM_STD/mbed.ar(mbed_lp_ticker_wrapper.o)(i._Z22lp_ticker_wrapper_freev), (12 bytes).
    Removing mbed/TARGET_NUCLEO_F401RE/TOOLCHAIN_ARM_STD/mbed.ar(mbed_lp_ticker_wrapper.o)(i._Z22lp_ticker_wrapper_initv), (12 bytes).
    Removing mbed/TARGET_NUCLEO_F401RE/TOOLCHAIN_ARM_STD/mbed.ar(mbed_lp_ticker_wrapper.o)(i._Z22lp_ticker_wrapper_readv), (12 bytes).
    Removing mbed/TARGET_NUCLEO_F401RE/TOOLCHAIN_ARM_STD/mbed.ar(mbed_lp_ticker_wrapper.o)(i._Z26lp_ticker_wrapper_get_infov), (12 bytes).
    Removing mbed/TARGET_NUCLEO_F401RE/TOOLCHAIN_ARM_STD/mbed.ar(mbed_lp_ticker_wrapper.o)(i._Z31lp_ticker_wrapper_set_interruptj), (16 bytes).
    Removing mbed/TARGET_NUCLEO_F401RE/TOOLCHAIN_ARM_STD/mbed.ar(mbed_lp_ticker_wrapper.o)(i._Z32lp_ticker_wrapper_fire_interruptv), (12 bytes).
    Removing mbed/TARGET_NUCLEO_F401RE/TOOLCHAIN_ARM_STD/mbed.ar(mbed_lp_ticker_wrapper.o)(i._Z33lp_ticker_wrapper_clear_interruptv), (12 bytes).
    Removing mbed/TARGET_NUCLEO_F401RE/TOOLCHAIN_ARM_STD/mbed.ar(mbed_lp_ticker_wrapper.o)(i._Z35lp_ticker_wrapper_disable_interruptv), (12 bytes).
    Removing mbed/TARGET_NUCLEO_F401RE/TOOLCHAIN_ARM_STD/mbed.ar(mbed_lp_ticker_wrapper.o)(i.get_lp_ticker_wrapper_data), (56 bytes).
    Removing mbed/TARGET_NUCLEO_F401RE/TOOLCHAIN_ARM_STD/mbed.ar(mbed_lp_ticker_wrapper.o)(i.lp_ticker_wrapper_irq_handler), (40 bytes).
    Removing mbed/TARGET_NUCLEO_F401RE/TOOLCHAIN_ARM_STD/mbed.ar(mbed_lp_ticker_wrapper.o)(i.lp_ticker_wrapper_resume), (28 bytes).
    Removing mbed/TARGET_NUCLEO_F401RE/TOOLCHAIN_ARM_STD/mbed.ar(mbed_lp_ticker_wrapper.o)(i.lp_ticker_wrapper_suspend), (28 bytes).
    Removing mbed/TARGET_NUCLEO_F401RE/TOOLCHAIN_ARM_STD/mbed.ar(mbed_lp_ticker_wrapper.o)(.ARM.exidx), (8 bytes).
    Removing mbed/TARGET_NUCLEO_F401RE/TOOLCHAIN_ARM_STD/mbed.ar(mbed_lp_ticker_wrapper.o)(.ARM.exidx), (8 bytes).
    Removing mbed/TARGET_NUCLEO_F401RE/TOOLCHAIN_ARM_STD/mbed.ar(mbed_lp_ticker_wrapper.o)(.ARM.exidx), (8 bytes).
    Removing mbed/TARGET_NUCLEO_F401RE/TOOLCHAIN_ARM_STD/mbed.ar(mbed_lp_ticker_wrapper.o)(.ARM.exidx), (8 bytes).
    Removing mbed/TARGET_NUCLEO_F401RE/TOOLCHAIN_ARM_STD/mbed.ar(mbed_lp_ticker_wrapper.o)(.ARM.exidx), (8 bytes).
    Removing mbed/TARGET_NUCLEO_F401RE/TOOLCHAIN_ARM_STD/mbed.ar(mbed_lp_ticker_wrapper.o)(.ARM.exidx), (8 bytes).
    Removing mbed/TARGET_NUCLEO_F401RE/TOOLCHAIN_ARM_STD/mbed.ar(mbed_lp_ticker_wrapper.o)(.ARM.exidx), (8 bytes).
    Removing mbed/TARGET_NUCLEO_F401RE/TOOLCHAIN_ARM_STD/mbed.ar(mbed_lp_ticker_wrapper.o)(.ARM.exidx), (8 bytes).
    Removing mbed/TARGET_NUCLEO_F401RE/TOOLCHAIN_ARM_STD/mbed.ar(mbed_lp_ticker_wrapper.o)(.ARM.exidx), (8 bytes).
    Removing mbed/TARGET_NUCLEO_F401RE/TOOLCHAIN_ARM_STD/mbed.ar(mbed_lp_ticker_wrapper.o)(.ARM.exidx), (8 bytes).
    Removing mbed/TARGET_NUCLEO_F401RE/TOOLCHAIN_ARM_STD/mbed.ar(mbed_lp_ticker_wrapper.o)(.ARM.exidx), (8 bytes).
    Removing mbed/TARGET_NUCLEO_F401RE/TOOLCHAIN_ARM_STD/mbed.ar(mbed_lp_ticker_wrapper.o)(.ARM.exidx), (8 bytes).
    Removing mbed/TARGET_NUCLEO_F401RE/TOOLCHAIN_ARM_STD/mbed.ar(mbed_lp_ticker_wrapper.o)(.bss), (112 bytes).
    Removing mbed/TARGET_NUCLEO_F401RE/TOOLCHAIN_ARM_STD/mbed.ar(mbed_lp_ticker_wrapper.o)(.constdata), (32 bytes).
    Removing mbed/TARGET_NUCLEO_F401RE/TOOLCHAIN_ARM_STD/mbed.ar(mbed_lp_ticker_wrapper.o)(.data), (8 bytes).
    Removing mbed/TARGET_NUCLEO_F401RE/TOOLCHAIN_ARM_STD/mbed.ar(CThunkBase.o)(.rev16_text), (4 bytes).
    Removing mbed/TARGET_NUCLEO_F401RE/TOOLCHAIN_ARM_STD/mbed.ar(CThunkBase.o)(.revsh_text), (4 bytes).
    Removing mbed/TARGET_NUCLEO_F401RE/TOOLCHAIN_ARM_STD/mbed.ar(CThunkBase.o)(.rrx_text), (6 bytes).
    Removing mbed/TARGET_NUCLEO_F401RE/TOOLCHAIN_ARM_STD/mbed.ar(CThunkBase.o)(i._ZN10CThunkBase12cthunk_allocEPS_), (196 bytes).
    Removing mbed/TARGET_NUCLEO_F401RE/TOOLCHAIN_ARM_STD/mbed.ar(CThunkBase.o)(i._ZN10CThunkBase16cthunk_free_realEPFvvE), (236 bytes).
    Removing mbed/TARGET_NUCLEO_F401RE/TOOLCHAIN_ARM_STD/mbed.ar(CThunkBase.o)(.ARM.exidx), (8 bytes).
    Removing mbed/TARGET_NUCLEO_F401RE/TOOLCHAIN_ARM_STD/mbed.ar(CThunkBase.o)(.ARM.exidx), (8 bytes).
    Removing mbed/TARGET_NUCLEO_F401RE/TOOLCHAIN_ARM_STD/mbed.ar(CThunkBase.o)(.ARM.exidx), (8 bytes).
    Removing mbed/TARGET_NUCLEO_F401RE/TOOLCHAIN_ARM_STD/mbed.ar(CThunkBase.o)(.bss), (32 bytes).
    Removing mbed/TARGET_NUCLEO_F401RE/TOOLCHAIN_ARM_STD/mbed.ar(CThunkBase.o)(.constdata), (32 bytes).
    Removing mbed/TARGET_NUCLEO_F401RE/TOOLCHAIN_ARM_STD/mbed.ar(CThunkBase.o)(.conststring), (90 bytes).
    Removing mbed/TARGET_NUCLEO_F401RE/TOOLCHAIN_ARM_STD/mbed.ar(FileBase.o)(.rev16_text), (4 bytes).
    Removing mbed/TARGET_NUCLEO_F401RE/TOOLCHAIN_ARM_STD/mbed.ar(FileBase.o)(.revsh_text), (4 bytes).
    Removing mbed/TARGET_NUCLEO_F401RE/TOOLCHAIN_ARM_STD/mbed.ar(FileBase.o)(.rrx_text), (6 bytes).
    Removing mbed/TARGET_NUCLEO_F401RE/TOOLCHAIN_ARM_STD/mbed.ar(FileBase.o)(i._ZN4mbed8FileBase14set_as_defaultEv), (32 bytes).
    Removing mbed/TARGET_NUCLEO_F401RE/TOOLCHAIN_ARM_STD/mbed.ar(FileBase.o)(i._ZN4mbed8FileBase3getEi), (88 bytes).
    Removing mbed/TARGET_NUCLEO_F401RE/TOOLCHAIN_ARM_STD/mbed.ar(FileBase.o)(i._ZN4mbed8FileBase7getNameEv), (4 bytes).
    Removing mbed/TARGET_NUCLEO_F401RE/TOOLCHAIN_ARM_STD/mbed.ar(FileBase.o)(i._ZN4mbed8FileBaseD0Ev), (100 bytes).
    Removing mbed/TARGET_NUCLEO_F401RE/TOOLCHAIN_ARM_STD/mbed.ar(FileBase.o)(.ARM.exidx), (8 bytes).
    Removing mbed/TARGET_NUCLEO_F401RE/TOOLCHAIN_ARM_STD/mbed.ar(FileBase.o)(.ARM.exidx), (8 bytes).
    Removing mbed/TARGET_NUCLEO_F401RE/TOOLCHAIN_ARM_STD/mbed.ar(FileBase.o)(.ARM.exidx), (8 bytes).
    Removing mbed/TARGET_NUCLEO_F401RE/TOOLCHAIN_ARM_STD/mbed.ar(FileBase.o)(.ARM.exidx), (8 bytes).
    Removing mbed/TARGET_NUCLEO_F401RE/TOOLCHAIN_ARM_STD/mbed.ar(FileBase.o)(.ARM.exidx), (8 bytes).
    Removing mbed/TARGET_NUCLEO_F401RE/TOOLCHAIN_ARM_STD/mbed.ar(FileBase.o)(.ARM.exidx), (8 bytes).
    Removing mbed/TARGET_NUCLEO_F401RE/TOOLCHAIN_ARM_STD/mbed.ar(FileBase.o)(.ARM.exidx), (8 bytes).
    Removing mbed/TARGET_NUCLEO_F401RE/TOOLCHAIN_ARM_STD/mbed.ar(FileBase.o)(.ARM.exidx), (8 bytes).
    Removing mbed/TARGET_NUCLEO_F401RE/TOOLCHAIN_ARM_STD/mbed.ar(mbed_sleep_manager.o)(.rev16_text), (4 bytes).
    Removing mbed/TARGET_NUCLEO_F401RE/TOOLCHAIN_ARM_STD/mbed.ar(mbed_sleep_manager.o)(.revsh_text), (4 bytes).
    Removing mbed/TARGET_NUCLEO_F401RE/TOOLCHAIN_ARM_STD/mbed.ar(mbed_sleep_manager.o)(.rrx_text), (6 bytes).
    Removing mbed/TARGET_NUCLEO_F401RE/TOOLCHAIN_ARM_STD/mbed.ar(mbed_sleep_manager.o)(i.mbed_time_deepsleep), (12 bytes).
    Removing mbed/TARGET_NUCLEO_F401RE/TOOLCHAIN_ARM_STD/mbed.ar(mbed_sleep_manager.o)(i.mbed_time_idle), (24 bytes).
    Removing mbed/TARGET_NUCLEO_F401RE/TOOLCHAIN_ARM_STD/mbed.ar(mbed_sleep_manager.o)(i.mbed_time_sleep), (12 bytes).
    Removing mbed/TARGET_NUCLEO_F401RE/TOOLCHAIN_ARM_STD/mbed.ar(mbed_sleep_manager.o)(i.mbed_uptime), (6 bytes).
    Removing mbed/TARGET_NUCLEO_F401RE/TOOLCHAIN_ARM_STD/mbed.ar(mbed_sleep_manager.o)(i.sleep_manager_can_deep_sleep), (20 bytes).
    Removing mbed/TARGET_NUCLEO_F401RE/TOOLCHAIN_ARM_STD/mbed.ar(mbed_sleep_manager.o)(i.sleep_manager_can_deep_sleep_test_check), (64 bytes).
    Removing mbed/TARGET_NUCLEO_F401RE/TOOLCHAIN_ARM_STD/mbed.ar(mbed_sleep_manager.o)(i.sleep_manager_sleep_auto), (36 bytes).
    Removing mbed/TARGET_NUCLEO_F401RE/TOOLCHAIN_ARM_STD/mbed.ar(LowPowerTickerWrapper.o)(.rev16_text), (4 bytes).
    Removing mbed/TARGET_NUCLEO_F401RE/TOOLCHAIN_ARM_STD/mbed.ar(LowPowerTickerWrapper.o)(.revsh_text), (4 bytes).
    Removing mbed/TARGET_NUCLEO_F401RE/TOOLCHAIN_ARM_STD/mbed.ar(LowPowerTickerWrapper.o)(.rrx_text), (6 bytes).
    Removing mbed/TARGET_NUCLEO_F401RE/TOOLCHAIN_ARM_STD/mbed.ar(LowPowerTickerWrapper.o)(i._ZN21LowPowerTickerWrapper11irq_handlerEPFvPK13ticker_data_tE), (78 bytes).
    Removing mbed/TARGET_NUCLEO_F401RE/TOOLCHAIN_ARM_STD/mbed.ar(LowPowerTickerWrapper.o)(i._ZN21LowPowerTickerWrapper12_match_checkEj), (64 bytes).
    Removing mbed/TARGET_NUCLEO_F401RE/TOOLCHAIN_ARM_STD/mbed.ar(LowPowerTickerWrapper.o)(i._ZN21LowPowerTickerWrapper13set_interruptEj), (68 bytes).
    Removing mbed/TARGET_NUCLEO_F401RE/TOOLCHAIN_ARM_STD/mbed.ar(LowPowerTickerWrapper.o)(i._ZN21LowPowerTickerWrapper14fire_interruptEv), (28 bytes).
    Removing mbed/TARGET_NUCLEO_F401RE/TOOLCHAIN_ARM_STD/mbed.ar(LowPowerTickerWrapper.o)(i._ZN21LowPowerTickerWrapper15_lp_ticks_to_usEj), (40 bytes).
    Removing mbed/TARGET_NUCLEO_F401RE/TOOLCHAIN_ARM_STD/mbed.ar(LowPowerTickerWrapper.o)(i._ZN21LowPowerTickerWrapper15_schedule_matchEj), (340 bytes).
    Removing mbed/TARGET_NUCLEO_F401RE/TOOLCHAIN_ARM_STD/mbed.ar(LowPowerTickerWrapper.o)(i._ZN21LowPowerTickerWrapper15clear_interruptEv), (22 bytes).
    Removing mbed/TARGET_NUCLEO_F401RE/TOOLCHAIN_ARM_STD/mbed.ar(LowPowerTickerWrapper.o)(i._ZN21LowPowerTickerWrapper15timeout_pendingEv), (20 bytes).
    Removing mbed/TARGET_NUCLEO_F401RE/TOOLCHAIN_ARM_STD/mbed.ar(LowPowerTickerWrapper.o)(i._ZN21LowPowerTickerWrapper16_timeout_handlerEv), (62 bytes).
    Removing mbed/TARGET_NUCLEO_F401RE/TOOLCHAIN_ARM_STD/mbed.ar(LowPowerTickerWrapper.o)(i._ZN21LowPowerTickerWrapper17disable_interruptEv), (22 bytes).
    Removing mbed/TARGET_NUCLEO_F401RE/TOOLCHAIN_ARM_STD/mbed.ar(LowPowerTickerWrapper.o)(i._ZN21LowPowerTickerWrapper4freeEv), (28 bytes).
    Removing mbed/TARGET_NUCLEO_F401RE/TOOLCHAIN_ARM_STD/mbed.ar(LowPowerTickerWrapper.o)(i._ZN21LowPowerTickerWrapper4initEv), (28 bytes).
    Removing mbed/TARGET_NUCLEO_F401RE/TOOLCHAIN_ARM_STD/mbed.ar(LowPowerTickerWrapper.o)(i._ZN21LowPowerTickerWrapper4readEv), (84 bytes).
    Removing mbed/TARGET_NUCLEO_F401RE/TOOLCHAIN_ARM_STD/mbed.ar(LowPowerTickerWrapper.o)(i._ZN21LowPowerTickerWrapper6_resetEv), (140 bytes).
    Removing mbed/TARGET_NUCLEO_F401RE/TOOLCHAIN_ARM_STD/mbed.ar(LowPowerTickerWrapper.o)(i._ZN21LowPowerTickerWrapper6resumeEv), (64 bytes).
    Removing mbed/TARGET_NUCLEO_F401RE/TOOLCHAIN_ARM_STD/mbed.ar(LowPowerTickerWrapper.o)(i._ZN21LowPowerTickerWrapper7suspendEv), (68 bytes).
    Removing mbed/TARGET_NUCLEO_F401RE/TOOLCHAIN_ARM_STD/mbed.ar(LowPowerTickerWrapper.o)(i._ZN21LowPowerTickerWrapper8get_infoEv), (24 bytes).
    Removing mbed/TARGET_NUCLEO_F401RE/TOOLCHAIN_ARM_STD/mbed.ar(LowPowerTickerWrapper.o)(i._ZN21LowPowerTickerWrapperC1EPK13ticker_data_tPK18ticker_interface_tjj), (92 bytes).
    Removing mbed/TARGET_NUCLEO_F401RE/TOOLCHAIN_ARM_STD/mbed.ar(LowPowerTickerWrapper.o)(.ARM.exidx), (8 bytes).
    Removing mbed/TARGET_NUCLEO_F401RE/TOOLCHAIN_ARM_STD/mbed.ar(LowPowerTickerWrapper.o)(.ARM.exidx), (8 bytes).
    Removing mbed/TARGET_NUCLEO_F401RE/TOOLCHAIN_ARM_STD/mbed.ar(LowPowerTickerWrapper.o)(.ARM.exidx), (8 bytes).
    Removing mbed/TARGET_NUCLEO_F401RE/TOOLCHAIN_ARM_STD/mbed.ar(LowPowerTickerWrapper.o)(.ARM.exidx), (8 bytes).
    Removing mbed/TARGET_NUCLEO_F401RE/TOOLCHAIN_ARM_STD/mbed.ar(LowPowerTickerWrapper.o)(.ARM.exidx), (8 bytes).
    Removing mbed/TARGET_NUCLEO_F401RE/TOOLCHAIN_ARM_STD/mbed.ar(LowPowerTickerWrapper.o)(.ARM.exidx), (8 bytes).
    Removing mbed/TARGET_NUCLEO_F401RE/TOOLCHAIN_ARM_STD/mbed.ar(LowPowerTickerWrapper.o)(.ARM.exidx), (8 bytes).
    Removing mbed/TARGET_NUCLEO_F401RE/TOOLCHAIN_ARM_STD/mbed.ar(LowPowerTickerWrapper.o)(.ARM.exidx), (8 bytes).
    Removing mbed/TARGET_NUCLEO_F401RE/TOOLCHAIN_ARM_STD/mbed.ar(LowPowerTickerWrapper.o)(.ARM.exidx), (8 bytes).
    Removing mbed/TARGET_NUCLEO_F401RE/TOOLCHAIN_ARM_STD/mbed.ar(LowPowerTickerWrapper.o)(.ARM.exidx), (8 bytes).
    Removing mbed/TARGET_NUCLEO_F401RE/TOOLCHAIN_ARM_STD/mbed.ar(LowPowerTickerWrapper.o)(.ARM.exidx), (8 bytes).
    Removing mbed/TARGET_NUCLEO_F401RE/TOOLCHAIN_ARM_STD/mbed.ar(LowPowerTickerWrapper.o)(.ARM.exidx), (8 bytes).
    Removing mbed/TARGET_NUCLEO_F401RE/TOOLCHAIN_ARM_STD/mbed.ar(LowPowerTickerWrapper.o)(.ARM.exidx), (8 bytes).
    Removing mbed/TARGET_NUCLEO_F401RE/TOOLCHAIN_ARM_STD/mbed.ar(LowPowerTickerWrapper.o)(.ARM.exidx), (8 bytes).
    Removing mbed/TARGET_NUCLEO_F401RE/TOOLCHAIN_ARM_STD/mbed.ar(LowPowerTickerWrapper.o)(.ARM.exidx), (8 bytes).
    Removing mbed/TARGET_NUCLEO_F401RE/TOOLCHAIN_ARM_STD/mbed.ar(LowPowerTickerWrapper.o)(.ARM.exidx), (8 bytes).
    Removing mbed/TARGET_NUCLEO_F401RE/TOOLCHAIN_ARM_STD/mbed.ar(LowPowerTickerWrapper.o)(.ARM.exidx), (8 bytes).
    Removing mbed/TARGET_NUCLEO_F401RE/TOOLCHAIN_ARM_STD/mbed.ar(LowPowerTickerWrapper.o)(.ARM.exidx), (8 bytes).
    Removing mbed/TARGET_NUCLEO_F401RE/TOOLCHAIN_ARM_STD/mbed.ar(LowPowerTickerWrapper.o)(.constdata), (8 bytes).
    Removing mbed/TARGET_NUCLEO_F401RE/TOOLCHAIN_ARM_STD/mbed.ar(LowPowerTickerWrapper.o)(.conststring), (78 bytes).
    Removing mbed/TARGET_NUCLEO_F401RE/TOOLCHAIN_ARM_STD/mbed.ar(Timeout.o)(.rev16_text), (4 bytes).
    Removing mbed/TARGET_NUCLEO_F401RE/TOOLCHAIN_ARM_STD/mbed.ar(Timeout.o)(.revsh_text), (4 bytes).
    Removing mbed/TARGET_NUCLEO_F401RE/TOOLCHAIN_ARM_STD/mbed.ar(Timeout.o)(.rrx_text), (6 bytes).
    Removing mbed/TARGET_NUCLEO_F401RE/TOOLCHAIN_ARM_STD/mbed.ar(Timeout.o)(i._ZN4mbed7Timeout7handlerEv), (80 bytes).
    Removing mbed/TARGET_NUCLEO_F401RE/TOOLCHAIN_ARM_STD/mbed.ar(Timeout.o)(.ARM.exidx), (8 bytes).
    Removing mbed/TARGET_NUCLEO_F401RE/TOOLCHAIN_ARM_STD/mbed_retarget.o(.constdata__ZTV4Sink), (80 bytes).
    Removing mbed/TARGET_NUCLEO_F401RE/TOOLCHAIN_ARM_STD/mbed_retarget.o(.ARM.exidx), (8 bytes).
    Removing mbed/TARGET_NUCLEO_F401RE/TOOLCHAIN_ARM_STD/mbed_retarget.o(i._ZN4SinkD1Ev), (2 bytes).
    Removing mbed/TARGET_NUCLEO_F401RE/TOOLCHAIN_ARM_STD/mbed_retarget.o(.ARM.exidx), (8 bytes).
    Removing mbed/TARGET_NUCLEO_F401RE/TOOLCHAIN_ARM_STD/mbed_retarget.o(.ARM.exidx), (8 bytes).
    Removing mbed/TARGET_NUCLEO_F401RE/TOOLCHAIN_ARM_STD/mbed_retarget.o(.ARM.exidx), (8 bytes).
    Removing mbed/TARGET_NUCLEO_F401RE/TOOLCHAIN_ARM_STD/mbed_retarget.o(.ARM.exidx), (8 bytes).
    Removing mbed/TARGET_NUCLEO_F401RE/TOOLCHAIN_ARM_STD/mbed_retarget.o(.ARM.exidx), (8 bytes).
    Removing mbed/TARGET_NUCLEO_F401RE/TOOLCHAIN_ARM_STD/mbed_retarget.o(i._ZN12DirectSerialD0Ev), (4 bytes).
    Removing mbed/TARGET_NUCLEO_F401RE/TOOLCHAIN_ARM_STD/mbed_retarget.o(.ARM.exidx), (8 bytes).
    Removing mbed/TARGET_NUCLEO_F401RE/TOOLCHAIN_ARM_STD/mbed_retarget.o(i._ZN4Sink4seekEli), (4 bytes).
    Removing mbed/TARGET_NUCLEO_F401RE/TOOLCHAIN_ARM_STD/mbed_retarget.o(.ARM.exidx), (8 bytes).
    Removing mbed/TARGET_NUCLEO_F401RE/TOOLCHAIN_ARM_STD/mbed_retarget.o(i._ZN4Sink4sizeEv), (6 bytes).
    Removing mbed/TARGET_NUCLEO_F401RE/TOOLCHAIN_ARM_STD/mbed_retarget.o(.ARM.exidx), (8 bytes).
    Removing mbed/TARGET_NUCLEO_F401RE/TOOLCHAIN_ARM_STD/mbed_retarget.o(i._ZN4Sink6isattyEv), (4 bytes).
    Removing mbed/TARGET_NUCLEO_F401RE/TOOLCHAIN_ARM_STD/mbed_retarget.o(.ARM.exidx), (8 bytes).
    Removing mbed/TARGET_NUCLEO_F401RE/TOOLCHAIN_ARM_STD/mbed_retarget.o(i._ZN4Sink5closeEv), (4 bytes).
    Removing mbed/TARGET_NUCLEO_F401RE/TOOLCHAIN_ARM_STD/mbed_retarget.o(.ARM.exidx), (8 bytes).
    Removing mbed/TARGET_NUCLEO_F401RE/TOOLCHAIN_ARM_STD/mbed_retarget.o(i._ZN4SinkD0Ev), (4 bytes).
    Removing mbed/TARGET_NUCLEO_F401RE/TOOLCHAIN_ARM_STD/mbed_retarget.o(.ARM.exidx), (8 bytes).
    Removing mbed/TARGET_NUCLEO_F401RE/TOOLCHAIN_ARM_STD/mbed_retarget.o(.ARM.exidx), (8 bytes).
    Removing mbed/TARGET_NUCLEO_F401RE/TOOLCHAIN_ARM_STD/mbed_retarget.o(i._ZN4mbed10FileHandle4tellEv), (10 bytes).
    Removing mbed/TARGET_NUCLEO_F401RE/TOOLCHAIN_ARM_STD/mbed_retarget.o(.ARM.exidx), (8 bytes).
    Removing mbed/TARGET_NUCLEO_F401RE/TOOLCHAIN_ARM_STD/mbed_retarget.o(i._ZN4mbed10FileHandle6rewindEv), (10 bytes).
    Removing mbed/TARGET_NUCLEO_F401RE/TOOLCHAIN_ARM_STD/mbed_retarget.o(.ARM.exidx), (8 bytes).
    Removing mbed/TARGET_NUCLEO_F401RE/TOOLCHAIN_ARM_STD/mbed_retarget.o(i._ZN4mbed10FileHandle5lseekEli), (6 bytes).
    Removing mbed/TARGET_NUCLEO_F401RE/TOOLCHAIN_ARM_STD/mbed_retarget.o(.ARM.exidx), (8 bytes).
    Removing mbed/TARGET_NUCLEO_F401RE/TOOLCHAIN_ARM_STD/mbed_retarget.o(i._ZN4mbed10FileHandle5fsyncEv), (6 bytes).
    Removing mbed/TARGET_NUCLEO_F401RE/TOOLCHAIN_ARM_STD/mbed_retarget.o(.ARM.exidx), (8 bytes).
    Removing mbed/TARGET_NUCLEO_F401RE/TOOLCHAIN_ARM_STD/mbed_retarget.o(i._ZN4mbed10FileHandle4flenEv), (6 bytes).
    Removing mbed/TARGET_NUCLEO_F401RE/TOOLCHAIN_ARM_STD/mbed_retarget.o(.ARM.exidx), (8 bytes).
    Removing mbed/TARGET_NUCLEO_F401RE/TOOLCHAIN_ARM_STD/mbed_retarget.o(i._ZN4mbed10FileHandle12set_blockingEb), (12 bytes).
    Removing mbed/TARGET_NUCLEO_F401RE/TOOLCHAIN_ARM_STD/mbed_retarget.o(.ARM.exidx), (8 bytes).
    Removing mbed/TARGET_NUCLEO_F401RE/TOOLCHAIN_ARM_STD/mbed_retarget.o(i._ZNK4mbed10FileHandle11is_blockingEv), (4 bytes).
    Removing mbed/TARGET_NUCLEO_F401RE/TOOLCHAIN_ARM_STD/mbed_retarget.o(.ARM.exidx), (8 bytes).
    Removing mbed/TARGET_NUCLEO_F401RE/TOOLCHAIN_ARM_STD/mbed_retarget.o(i._ZNK4mbed10FileHandle4pollEs), (4 bytes).
    Removing mbed/TARGET_NUCLEO_F401RE/TOOLCHAIN_ARM_STD/mbed_retarget.o(.ARM.exidx), (8 bytes).
    Removing mbed/TARGET_NUCLEO_F401RE/TOOLCHAIN_ARM_STD/mbed_retarget.o(i._ZN4mbed10FileHandle5sigioENS_8CallbackIFvvEEE), (2 bytes).
    Removing mbed/TARGET_NUCLEO_F401RE/TOOLCHAIN_ARM_STD/mbed_retarget.o(.ARM.exidx), (8 bytes).
    Removing mbed/TARGET_NUCLEO_F401RE/TOOLCHAIN_ARM_STD/mbed_retarget.o(.constdata__ZTI12DirectSerial), (12 bytes).
    Removing mbed/TARGET_NUCLEO_F401RE/TOOLCHAIN_ARM_STD/mbed_retarget.o(.constdata__ZTI4Sink), (12 bytes).
    Removing mbed/TARGET_NUCLEO_F401RE/TOOLCHAIN_ARM_STD/mbed_retarget.o(.constdata__ZTS12DirectSerial), (15 bytes).
    Removing mbed/TARGET_NUCLEO_F401RE/TOOLCHAIN_ARM_STD/mbed_retarget.o(.constdata__ZTS4Sink), (6 bytes).
    Removing mbed/TARGET_NUCLEO_F401RE/TOOLCHAIN_ARM_STD/stm_spi_api.o(i.spi_irq_handler_asynch), (124 bytes).
    Removing .\build\utills.o(.ARM.exidx), (8 bytes).
    Removing .\build\utills.o(.ARM.exidx), (8 bytes).
    Removing .\build\utills.o(i._ZN4mbed6Ticker6attachENS_8CallbackIFvvEEEf), (100 bytes).
    Removing .\build\utills.o(.ARM.exidx), (8 bytes).
    Removing .\build\utills.o(.ARM.exidx), (8 bytes).
    Removing .\build\utills.o(.ARM.exidx), (8 bytes).
    Removing .\build\utills.o(.ARM.exidx), (8 bytes).
    Removing mbed/TARGET_NUCLEO_F401RE/TOOLCHAIN_ARM_STD/mbed.ar(BusIn.o)(.constdata__ZTIN4mbed5BusInE), (24 bytes).
    Removing mbed/TARGET_NUCLEO_F401RE/TOOLCHAIN_ARM_STD/mbed.ar(BusIn.o)(.constdata__ZTIN4mbed11NonCopyableINS_5BusInEEE), (8 bytes).
    Removing mbed/TARGET_NUCLEO_F401RE/TOOLCHAIN_ARM_STD/mbed.ar(BusIn.o)(.constdata__ZTSN4mbed5BusInE), (14 bytes).
    Removing mbed/TARGET_NUCLEO_F401RE/TOOLCHAIN_ARM_STD/mbed.ar(BusIn.o)(.constdata__ZTSN4mbed11NonCopyableINS_5BusInEEE), (33 bytes).
    Removing mbed/TARGET_NUCLEO_F401RE/TOOLCHAIN_ARM_STD/mbed.ar(BusOut.o)(.constdata__ZTIN4mbed6BusOutE), (24 bytes).
    Removing mbed/TARGET_NUCLEO_F401RE/TOOLCHAIN_ARM_STD/mbed.ar(BusOut.o)(.constdata__ZTIN4mbed11NonCopyableINS_6BusOutEEE), (8 bytes).
    Removing mbed/TARGET_NUCLEO_F401RE/TOOLCHAIN_ARM_STD/mbed.ar(BusOut.o)(.constdata__ZTSN4mbed6BusOutE), (15 bytes).
    Removing mbed/TARGET_NUCLEO_F401RE/TOOLCHAIN_ARM_STD/mbed.ar(BusOut.o)(.constdata__ZTSN4mbed11NonCopyableINS_6BusOutEEE), (34 bytes).
    Removing mbed/TARGET_NUCLEO_F401RE/TOOLCHAIN_ARM_STD/mbed.ar(Serial.o)(.ARM.exidx), (8 bytes).
    Removing mbed/TARGET_NUCLEO_F401RE/TOOLCHAIN_ARM_STD/mbed.ar(Serial.o)(i._ZN4mbed6SerialD0Ev), (40 bytes).
    Removing mbed/TARGET_NUCLEO_F401RE/TOOLCHAIN_ARM_STD/mbed.ar(Serial.o)(.ARM.exidx), (8 bytes).
    Removing mbed/TARGET_NUCLEO_F401RE/TOOLCHAIN_ARM_STD/mbed.ar(Serial.o)(i._ZThn180_N4mbed6SerialD0Ev), (40 bytes).
    Removing mbed/TARGET_NUCLEO_F401RE/TOOLCHAIN_ARM_STD/mbed.ar(Serial.o)(.ARM.exidx), (8 bytes).
    Removing mbed/TARGET_NUCLEO_F401RE/TOOLCHAIN_ARM_STD/mbed.ar(Serial.o)(i._ZThn176_N4mbed6SerialD0Ev), (40 bytes).
    Removing mbed/TARGET_NUCLEO_F401RE/TOOLCHAIN_ARM_STD/mbed.ar(Serial.o)(.ARM.exidx), (8 bytes).
    Removing mbed/TARGET_NUCLEO_F401RE/TOOLCHAIN_ARM_STD/mbed.ar(Serial.o)(i._ZThn180_N4mbed6SerialD1Ev), (36 bytes).
    Removing mbed/TARGET_NUCLEO_F401RE/TOOLCHAIN_ARM_STD/mbed.ar(Serial.o)(.ARM.exidx), (8 bytes).
    Removing mbed/TARGET_NUCLEO_F401RE/TOOLCHAIN_ARM_STD/mbed.ar(Serial.o)(i._ZThn176_N4mbed6SerialD1Ev), (36 bytes).
    Removing mbed/TARGET_NUCLEO_F401RE/TOOLCHAIN_ARM_STD/mbed.ar(Serial.o)(.ARM.exidx), (8 bytes).
    Removing mbed/TARGET_NUCLEO_F401RE/TOOLCHAIN_ARM_STD/mbed.ar(Serial.o)(.constdata__ZTIN4mbed6SerialE), (40 bytes).
    Removing mbed/TARGET_NUCLEO_F401RE/TOOLCHAIN_ARM_STD/mbed.ar(Serial.o)(.constdata__ZTIN4mbed11NonCopyableINS_6SerialEEE), (8 bytes).
    Removing mbed/TARGET_NUCLEO_F401RE/TOOLCHAIN_ARM_STD/mbed.ar(Serial.o)(.constdata__ZTSN4mbed6SerialE), (15 bytes).
    Removing mbed/TARGET_NUCLEO_F401RE/TOOLCHAIN_ARM_STD/mbed.ar(Serial.o)(.constdata__ZTSN4mbed11NonCopyableINS_6SerialEEE), (34 bytes).
    Removing mbed/TARGET_NUCLEO_F401RE/TOOLCHAIN_ARM_STD/mbed.ar(SerialBase.o)(.constdata__ZZNK4mbed8CallbackIFviEE4callEiEs), (5 bytes).
    Removing mbed/TARGET_NUCLEO_F401RE/TOOLCHAIN_ARM_STD/mbed.ar(SerialBase.o)(.constdata__ZZNK4mbed8CallbackIFviEE4callEiEs_0), (79 bytes).
    Removing mbed/TARGET_NUCLEO_F401RE/TOOLCHAIN_ARM_STD/mbed.ar(SerialBase.o)(.constdata__ZZNK4mbed8CallbackIFvvEE4callEvEs), (5 bytes).
    Removing mbed/TARGET_NUCLEO_F401RE/TOOLCHAIN_ARM_STD/mbed.ar(SerialBase.o)(.constdata__ZZNK4mbed8CallbackIFvvEE4callEvEs_0), (79 bytes).
    Removing mbed/TARGET_NUCLEO_F401RE/TOOLCHAIN_ARM_STD/mbed.ar(SerialBase.o)(.ARM.exidx), (8 bytes).
    Removing mbed/TARGET_NUCLEO_F401RE/TOOLCHAIN_ARM_STD/mbed.ar(SerialBase.o)(.ARM.exidx), (8 bytes).
    Removing mbed/TARGET_NUCLEO_F401RE/TOOLCHAIN_ARM_STD/mbed.ar(SerialBase.o)(.constdata__ZTIN4mbed10SerialBaseE), (24 bytes).
    Removing mbed/TARGET_NUCLEO_F401RE/TOOLCHAIN_ARM_STD/mbed.ar(SerialBase.o)(.constdata__ZTIN4mbed11NonCopyableINS_10SerialBaseEEE), (8 bytes).
    Removing mbed/TARGET_NUCLEO_F401RE/TOOLCHAIN_ARM_STD/mbed.ar(SerialBase.o)(.constdata__ZTSN4mbed10SerialBaseE), (20 bytes).
    Removing mbed/TARGET_NUCLEO_F401RE/TOOLCHAIN_ARM_STD/mbed.ar(SerialBase.o)(.constdata__ZTSN4mbed11NonCopyableINS_10SerialBaseEEE), (39 bytes).
    Removing mbed/TARGET_NUCLEO_F401RE/TOOLCHAIN_ARM_STD/mbed.ar(Ticker.o)(.ARM.exidx), (8 bytes).
    Removing mbed/TARGET_NUCLEO_F401RE/TOOLCHAIN_ARM_STD/mbed.ar(Ticker.o)(i._ZN4mbed6TickerD0Ev), (136 bytes).
    Removing mbed/TARGET_NUCLEO_F401RE/TOOLCHAIN_ARM_STD/mbed.ar(Ticker.o)(.ARM.exidx), (8 bytes).
    Removing mbed/TARGET_NUCLEO_F401RE/TOOLCHAIN_ARM_STD/mbed.ar(Ticker.o)(.constdata__ZTIN4mbed6TickerE), (32 bytes).
    Removing mbed/TARGET_NUCLEO_F401RE/TOOLCHAIN_ARM_STD/mbed.ar(Ticker.o)(.constdata__ZTIN4mbed11NonCopyableINS_6TickerEEE), (8 bytes).
    Removing mbed/TARGET_NUCLEO_F401RE/TOOLCHAIN_ARM_STD/mbed.ar(Ticker.o)(.constdata__ZTSN4mbed6TickerE), (15 bytes).
    Removing mbed/TARGET_NUCLEO_F401RE/TOOLCHAIN_ARM_STD/mbed.ar(Ticker.o)(.constdata__ZTSN4mbed11NonCopyableINS_6TickerEEE), (34 bytes).
    Removing mbed/TARGET_NUCLEO_F401RE/TOOLCHAIN_ARM_STD/mbed.ar(TimerEvent.o)(.constdata__ZTIN4mbed10TimerEventE), (24 bytes).
    Removing mbed/TARGET_NUCLEO_F401RE/TOOLCHAIN_ARM_STD/mbed.ar(TimerEvent.o)(.constdata__ZTIN4mbed11NonCopyableINS_10TimerEventEEE), (8 bytes).
    Removing mbed/TARGET_NUCLEO_F401RE/TOOLCHAIN_ARM_STD/mbed.ar(TimerEvent.o)(.constdata__ZTSN4mbed10TimerEventE), (20 bytes).
    Removing mbed/TARGET_NUCLEO_F401RE/TOOLCHAIN_ARM_STD/mbed.ar(TimerEvent.o)(.constdata__ZTSN4mbed11NonCopyableINS_10TimerEventEEE), (39 bytes).
    Removing mbed/TARGET_NUCLEO_F401RE/TOOLCHAIN_ARM_STD/mbed.ar(FileHandle.o)(i._ZN4mbed10FileHandleD2Ev), (2 bytes).
    Removing mbed/TARGET_NUCLEO_F401RE/TOOLCHAIN_ARM_STD/mbed.ar(FileHandle.o)(.ARM.exidx), (8 bytes).
    Removing mbed/TARGET_NUCLEO_F401RE/TOOLCHAIN_ARM_STD/mbed.ar(FileHandle.o)(i._ZN4mbed10FileHandleD0Ev), (4 bytes).
    Removing mbed/TARGET_NUCLEO_F401RE/TOOLCHAIN_ARM_STD/mbed.ar(FileHandle.o)(.ARM.exidx), (8 bytes).
    Removing mbed/TARGET_NUCLEO_F401RE/TOOLCHAIN_ARM_STD/mbed.ar(FileHandle.o)(.ARM.exidx), (8 bytes).
    Removing mbed/TARGET_NUCLEO_F401RE/TOOLCHAIN_ARM_STD/mbed.ar(FileHandle.o)(.constdata__ZTIN4mbed10FileHandleE), (24 bytes).
    Removing mbed/TARGET_NUCLEO_F401RE/TOOLCHAIN_ARM_STD/mbed.ar(FileHandle.o)(.constdata__ZTIN4mbed11NonCopyableINS_10FileHandleEEE), (8 bytes).
    Removing mbed/TARGET_NUCLEO_F401RE/TOOLCHAIN_ARM_STD/mbed.ar(FileHandle.o)(.constdata__ZTSN4mbed10FileHandleE), (20 bytes).
    Removing mbed/TARGET_NUCLEO_F401RE/TOOLCHAIN_ARM_STD/mbed.ar(FileHandle.o)(.constdata__ZTSN4mbed11NonCopyableINS_10FileHandleEEE), (39 bytes).
    Removing mbed/TARGET_NUCLEO_F401RE/TOOLCHAIN_ARM_STD/mbed.ar(Stream.o)(.ARM.exidx), (8 bytes).
    Removing mbed/TARGET_NUCLEO_F401RE/TOOLCHAIN_ARM_STD/mbed.ar(Stream.o)(.ARM.exidx), (8 bytes).
    Removing mbed/TARGET_NUCLEO_F401RE/TOOLCHAIN_ARM_STD/mbed.ar(Stream.o)(.constdata__ZTIN4mbed6StreamE), (32 bytes).
    Removing mbed/TARGET_NUCLEO_F401RE/TOOLCHAIN_ARM_STD/mbed.ar(Stream.o)(.constdata__ZTIN4mbed8FileLikeE), (40 bytes).
    Removing mbed/TARGET_NUCLEO_F401RE/TOOLCHAIN_ARM_STD/mbed.ar(Stream.o)(.constdata__ZTIN4mbed11NonCopyableINS_6StreamEEE), (8 bytes).
    Removing mbed/TARGET_NUCLEO_F401RE/TOOLCHAIN_ARM_STD/mbed.ar(Stream.o)(.constdata__ZTSN4mbed6StreamE), (15 bytes).
    Removing mbed/TARGET_NUCLEO_F401RE/TOOLCHAIN_ARM_STD/mbed.ar(Stream.o)(.constdata__ZTIN4mbed11NonCopyableINS_8FileLikeEEE), (8 bytes).
    Removing mbed/TARGET_NUCLEO_F401RE/TOOLCHAIN_ARM_STD/mbed.ar(Stream.o)(.constdata__ZTSN4mbed8FileLikeE), (17 bytes).
    Removing mbed/TARGET_NUCLEO_F401RE/TOOLCHAIN_ARM_STD/mbed.ar(Stream.o)(.constdata__ZTSN4mbed11NonCopyableINS_6StreamEEE), (34 bytes).
    Removing mbed/TARGET_NUCLEO_F401RE/TOOLCHAIN_ARM_STD/mbed.ar(Stream.o)(.constdata__ZTSN4mbed11NonCopyableINS_8FileLikeEEE), (36 bytes).
    Removing mbed/TARGET_NUCLEO_F401RE/TOOLCHAIN_ARM_STD/mbed.ar(CThunkBase.o)(t._ZN10CThunkBase11thunk_entryILi7EEEvv), (12 bytes).
    Removing mbed/TARGET_NUCLEO_F401RE/TOOLCHAIN_ARM_STD/mbed.ar(CThunkBase.o)(.ARM.exidx), (8 bytes).
    Removing mbed/TARGET_NUCLEO_F401RE/TOOLCHAIN_ARM_STD/mbed.ar(CThunkBase.o)(t._ZN10CThunkBase11thunk_entryILi6EEEvv), (12 bytes).
    Removing mbed/TARGET_NUCLEO_F401RE/TOOLCHAIN_ARM_STD/mbed.ar(CThunkBase.o)(.ARM.exidx), (8 bytes).
    Removing mbed/TARGET_NUCLEO_F401RE/TOOLCHAIN_ARM_STD/mbed.ar(CThunkBase.o)(t._ZN10CThunkBase11thunk_entryILi5EEEvv), (12 bytes).
    Removing mbed/TARGET_NUCLEO_F401RE/TOOLCHAIN_ARM_STD/mbed.ar(CThunkBase.o)(.ARM.exidx), (8 bytes).
    Removing mbed/TARGET_NUCLEO_F401RE/TOOLCHAIN_ARM_STD/mbed.ar(CThunkBase.o)(t._ZN10CThunkBase11thunk_entryILi4EEEvv), (12 bytes).
    Removing mbed/TARGET_NUCLEO_F401RE/TOOLCHAIN_ARM_STD/mbed.ar(CThunkBase.o)(.ARM.exidx), (8 bytes).
    Removing mbed/TARGET_NUCLEO_F401RE/TOOLCHAIN_ARM_STD/mbed.ar(CThunkBase.o)(t._ZN10CThunkBase11thunk_entryILi3EEEvv), (12 bytes).
    Removing mbed/TARGET_NUCLEO_F401RE/TOOLCHAIN_ARM_STD/mbed.ar(CThunkBase.o)(.ARM.exidx), (8 bytes).
    Removing mbed/TARGET_NUCLEO_F401RE/TOOLCHAIN_ARM_STD/mbed.ar(CThunkBase.o)(t._ZN10CThunkBase11thunk_entryILi2EEEvv), (12 bytes).
    Removing mbed/TARGET_NUCLEO_F401RE/TOOLCHAIN_ARM_STD/mbed.ar(CThunkBase.o)(.ARM.exidx), (8 bytes).
    Removing mbed/TARGET_NUCLEO_F401RE/TOOLCHAIN_ARM_STD/mbed.ar(CThunkBase.o)(t._ZN10CThunkBase11thunk_entryILi1EEEvv), (12 bytes).
    Removing mbed/TARGET_NUCLEO_F401RE/TOOLCHAIN_ARM_STD/mbed.ar(CThunkBase.o)(.ARM.exidx), (8 bytes).
    Removing mbed/TARGET_NUCLEO_F401RE/TOOLCHAIN_ARM_STD/mbed.ar(CThunkBase.o)(t._ZN10CThunkBase11thunk_entryILi0EEEvv), (12 bytes).
    Removing mbed/TARGET_NUCLEO_F401RE/TOOLCHAIN_ARM_STD/mbed.ar(CThunkBase.o)(.ARM.exidx), (8 bytes).
    Removing mbed/TARGET_NUCLEO_F401RE/TOOLCHAIN_ARM_STD/mbed.ar(FileBase.o)(.ARM.exidx), (8 bytes).
    Removing mbed/TARGET_NUCLEO_F401RE/TOOLCHAIN_ARM_STD/mbed.ar(FileBase.o)(.constdata__ZTIN4mbed8FileBaseE), (24 bytes).
    Removing mbed/TARGET_NUCLEO_F401RE/TOOLCHAIN_ARM_STD/mbed.ar(FileBase.o)(.constdata__ZTIN4mbed11NonCopyableINS_8FileBaseEEE), (8 bytes).
    Removing mbed/TARGET_NUCLEO_F401RE/TOOLCHAIN_ARM_STD/mbed.ar(FileBase.o)(.constdata__ZTSN4mbed8FileBaseE), (17 bytes).
    Removing mbed/TARGET_NUCLEO_F401RE/TOOLCHAIN_ARM_STD/mbed.ar(FileBase.o)(.constdata__ZTSN4mbed11NonCopyableINS_8FileBaseEEE), (36 bytes).
    Removing mbed/TARGET_NUCLEO_F401RE/TOOLCHAIN_ARM_STD/mbed.ar(LowPowerTickerWrapper.o)(.constdata__ZZN4mbed8CallbackIFvvEE8generateINS2_14method_contextI21LowPowerTickerWrapperMS5_FvvEEEEEvRKT_E3ops), (12 bytes).
    Removing mbed/TARGET_NUCLEO_F401RE/TOOLCHAIN_ARM_STD/mbed.ar(LowPowerTickerWrapper.o)(t._ZN4mbed8CallbackIFvvEE13function_callINS2_14method_contextI21LowPowerTickerWrapperMS5_FvvEEEEEvPKv), (24 bytes).
    Removing mbed/TARGET_NUCLEO_F401RE/TOOLCHAIN_ARM_STD/mbed.ar(LowPowerTickerWrapper.o)(.ARM.exidx), (8 bytes).
    Removing mbed/TARGET_NUCLEO_F401RE/TOOLCHAIN_ARM_STD/mbed.ar(LowPowerTickerWrapper.o)(t._ZN4mbed8CallbackIFvvEE13function_moveINS2_14method_contextI21LowPowerTickerWrapperMS5_FvvEEEEEvPvPKv), (20 bytes).
    Removing mbed/TARGET_NUCLEO_F401RE/TOOLCHAIN_ARM_STD/mbed.ar(LowPowerTickerWrapper.o)(.ARM.exidx), (8 bytes).
    Removing mbed/TARGET_NUCLEO_F401RE/TOOLCHAIN_ARM_STD/mbed.ar(LowPowerTickerWrapper.o)(t._ZN4mbed8CallbackIFvvEE13function_dtorINS2_14method_contextI21LowPowerTickerWrapperMS5_FvvEEEEEvPv), (2 bytes).
    Removing mbed/TARGET_NUCLEO_F401RE/TOOLCHAIN_ARM_STD/mbed.ar(LowPowerTickerWrapper.o)(.ARM.exidx), (8 bytes).
    Removing mbed/TARGET_NUCLEO_F401RE/TOOLCHAIN_ARM_STD/mbed.ar(Timeout.o)(.constdata__ZTVN4mbed7TimeoutE), (20 bytes).
    Removing mbed/TARGET_NUCLEO_F401RE/TOOLCHAIN_ARM_STD/mbed.ar(Timeout.o)(i._ZN4mbed7TimeoutD1Ev), (44 bytes).
    Removing mbed/TARGET_NUCLEO_F401RE/TOOLCHAIN_ARM_STD/mbed.ar(Timeout.o)(.ARM.exidx), (8 bytes).
    Removing mbed/TARGET_NUCLEO_F401RE/TOOLCHAIN_ARM_STD/mbed.ar(Timeout.o)(i._ZN4mbed7TimeoutD0Ev), (48 bytes).
    Removing mbed/TARGET_NUCLEO_F401RE/TOOLCHAIN_ARM_STD/mbed.ar(Timeout.o)(.ARM.exidx), (8 bytes).
    Removing mbed/TARGET_NUCLEO_F401RE/TOOLCHAIN_ARM_STD/mbed.ar(Timeout.o)(.constdata__ZTIN4mbed7TimeoutE), (32 bytes).
    Removing mbed/TARGET_NUCLEO_F401RE/TOOLCHAIN_ARM_STD/mbed.ar(Timeout.o)(.constdata__ZTIN4mbed11NonCopyableINS_7TimeoutEEE), (8 bytes).
    Removing mbed/TARGET_NUCLEO_F401RE/TOOLCHAIN_ARM_STD/mbed.ar(Timeout.o)(.constdata__ZTSN4mbed7TimeoutE), (16 bytes).
    Removing mbed/TARGET_NUCLEO_F401RE/TOOLCHAIN_ARM_STD/mbed.ar(Timeout.o)(.constdata__ZTSN4mbed11NonCopyableINS_7TimeoutEEE), (35 bytes).

2050 unused section(s) (total 129855 bytes) removed from the image.
